Archive member included to satisfy reference by file (symbol)

C:/ST/STM32CubeIDE_1.14.0/STM32CubeIDE/plugins/com.st.stm32cube.ide.mcu.externaltools.gnu-tools-for-stm32.11.3.rel1.win32_1.1.100.202309141235/tools/bin/../lib/gcc/arm-none-eabi/11.3.1/../../../../arm-none-eabi/lib/thumb/v7-m/nofp\libc_nano.a(libc_a-exit.o)
                              C:/ST/STM32CubeIDE_1.14.0/STM32CubeIDE/plugins/com.st.stm32cube.ide.mcu.externaltools.gnu-tools-for-stm32.11.3.rel1.win32_1.1.100.202309141235/tools/bin/../lib/gcc/arm-none-eabi/11.3.1/../../../../arm-none-eabi/lib/thumb/v7-m/nofp/crt0.o (exit)
C:/ST/STM32CubeIDE_1.14.0/STM32CubeIDE/plugins/com.st.stm32cube.ide.mcu.externaltools.gnu-tools-for-stm32.11.3.rel1.win32_1.1.100.202309141235/tools/bin/../lib/gcc/arm-none-eabi/11.3.1/../../../../arm-none-eabi/lib/thumb/v7-m/nofp\libc_nano.a(libc_a-findfp.o)
                              C:/ST/STM32CubeIDE_1.14.0/STM32CubeIDE/plugins/com.st.stm32cube.ide.mcu.externaltools.gnu-tools-for-stm32.11.3.rel1.win32_1.1.100.202309141235/tools/bin/../lib/gcc/arm-none-eabi/11.3.1/../../../../arm-none-eabi/lib/thumb/v7-m/nofp\libc_nano.a(libc_a-exit.o) (__stdio_exit_handler)
C:/ST/STM32CubeIDE_1.14.0/STM32CubeIDE/plugins/com.st.stm32cube.ide.mcu.externaltools.gnu-tools-for-stm32.11.3.rel1.win32_1.1.100.202309141235/tools/bin/../lib/gcc/arm-none-eabi/11.3.1/../../../../arm-none-eabi/lib/thumb/v7-m/nofp\libc_nano.a(libc_a-fwalk.o)
                              C:/ST/STM32CubeIDE_1.14.0/STM32CubeIDE/plugins/com.st.stm32cube.ide.mcu.externaltools.gnu-tools-for-stm32.11.3.rel1.win32_1.1.100.202309141235/tools/bin/../lib/gcc/arm-none-eabi/11.3.1/../../../../arm-none-eabi/lib/thumb/v7-m/nofp\libc_nano.a(libc_a-findfp.o) (_fwalk_sglue)
C:/ST/STM32CubeIDE_1.14.0/STM32CubeIDE/plugins/com.st.stm32cube.ide.mcu.externaltools.gnu-tools-for-stm32.11.3.rel1.win32_1.1.100.202309141235/tools/bin/../lib/gcc/arm-none-eabi/11.3.1/../../../../arm-none-eabi/lib/thumb/v7-m/nofp\libc_nano.a(libc_a-sprintf.o)
                              ./Core/Src/main.o (sprintf)
C:/ST/STM32CubeIDE_1.14.0/STM32CubeIDE/plugins/com.st.stm32cube.ide.mcu.externaltools.gnu-tools-for-stm32.11.3.rel1.win32_1.1.100.202309141235/tools/bin/../lib/gcc/arm-none-eabi/11.3.1/../../../../arm-none-eabi/lib/thumb/v7-m/nofp\libc_nano.a(libc_a-stdio.o)
                              C:/ST/STM32CubeIDE_1.14.0/STM32CubeIDE/plugins/com.st.stm32cube.ide.mcu.externaltools.gnu-tools-for-stm32.11.3.rel1.win32_1.1.100.202309141235/tools/bin/../lib/gcc/arm-none-eabi/11.3.1/../../../../arm-none-eabi/lib/thumb/v7-m/nofp\libc_nano.a(libc_a-findfp.o) (__sread)
C:/ST/STM32CubeIDE_1.14.0/STM32CubeIDE/plugins/com.st.stm32cube.ide.mcu.externaltools.gnu-tools-for-stm32.11.3.rel1.win32_1.1.100.202309141235/tools/bin/../lib/gcc/arm-none-eabi/11.3.1/../../../../arm-none-eabi/lib/thumb/v7-m/nofp\libc_nano.a(libc_a-memset.o)
                              C:/ST/STM32CubeIDE_1.14.0/STM32CubeIDE/plugins/com.st.stm32cube.ide.mcu.externaltools.gnu-tools-for-stm32.11.3.rel1.win32_1.1.100.202309141235/tools/bin/../lib/gcc/arm-none-eabi/11.3.1/../../../../arm-none-eabi/lib/thumb/v7-m/nofp/crt0.o (memset)
C:/ST/STM32CubeIDE_1.14.0/STM32CubeIDE/plugins/com.st.stm32cube.ide.mcu.externaltools.gnu-tools-for-stm32.11.3.rel1.win32_1.1.100.202309141235/tools/bin/../lib/gcc/arm-none-eabi/11.3.1/../../../../arm-none-eabi/lib/thumb/v7-m/nofp\libc_nano.a(libc_a-closer.o)
                              C:/ST/STM32CubeIDE_1.14.0/STM32CubeIDE/plugins/com.st.stm32cube.ide.mcu.externaltools.gnu-tools-for-stm32.11.3.rel1.win32_1.1.100.202309141235/tools/bin/../lib/gcc/arm-none-eabi/11.3.1/../../../../arm-none-eabi/lib/thumb/v7-m/nofp\libc_nano.a(libc_a-stdio.o) (_close_r)
C:/ST/STM32CubeIDE_1.14.0/STM32CubeIDE/plugins/com.st.stm32cube.ide.mcu.externaltools.gnu-tools-for-stm32.11.3.rel1.win32_1.1.100.202309141235/tools/bin/../lib/gcc/arm-none-eabi/11.3.1/../../../../arm-none-eabi/lib/thumb/v7-m/nofp\libc_nano.a(libc_a-reent.o)
                              C:/ST/STM32CubeIDE_1.14.0/STM32CubeIDE/plugins/com.st.stm32cube.ide.mcu.externaltools.gnu-tools-for-stm32.11.3.rel1.win32_1.1.100.202309141235/tools/bin/../lib/gcc/arm-none-eabi/11.3.1/../../../../arm-none-eabi/lib/thumb/v7-m/nofp\libc_nano.a(libc_a-closer.o) (errno)
C:/ST/STM32CubeIDE_1.14.0/STM32CubeIDE/plugins/com.st.stm32cube.ide.mcu.externaltools.gnu-tools-for-stm32.11.3.rel1.win32_1.1.100.202309141235/tools/bin/../lib/gcc/arm-none-eabi/11.3.1/../../../../arm-none-eabi/lib/thumb/v7-m/nofp\libc_nano.a(libc_a-impure.o)
                              C:/ST/STM32CubeIDE_1.14.0/STM32CubeIDE/plugins/com.st.stm32cube.ide.mcu.externaltools.gnu-tools-for-stm32.11.3.rel1.win32_1.1.100.202309141235/tools/bin/../lib/gcc/arm-none-eabi/11.3.1/../../../../arm-none-eabi/lib/thumb/v7-m/nofp\libc_nano.a(libc_a-sprintf.o) (_impure_ptr)
[...]
Memory Configuration

Name             Origin             Length             Attributes
RAM              0x0000000020000000 0x0000000000005000 xrw
FLASH            0x0000000008000000 0x0000000000010000 xr
*default*        0x0000000000000000 0xffffffffffffffff

Linker script and memory map

LOAD C:/ST/STM32CubeIDE_1.14.0/STM32CubeIDE/plugins/com.st.stm32cube.ide.mcu.externaltools.gnu-tools-for-stm32.11.3.rel1.win32_1.1.100.202309141235/tools/bin/../lib/gcc/arm-none-eabi/11.3.1/thumb/v7-m/nofp/crti.o
LOAD C:/ST/STM32CubeIDE_1.14.0/STM32CubeIDE/plugins/com.st.stm32cube.ide.mcu.externaltools.gnu-tools-for-stm32.11.3.rel1.win32_1.1.100.202309141235/tools/bin/../lib/gcc/arm-none-eabi/11.3.1/thumb/v7-m/nofp/crtbegin.o
LOAD C:/ST/STM32CubeIDE_1.14.0/STM32CubeIDE/plugins/com.st.stm32cube.ide.mcu.externaltools.gnu-tools-for-stm32.11.3.rel1.win32_1.1.100.202309141235/tools/bin/../lib/gcc/arm-none-eabi/11.3.1/../../../../arm-none-eabi/lib/thumb/v7-m/nofp/crt0.o
LOAD ./Core/Src/ds1307_for_stm32_hal.o
LOAD ./Core/Src/main.o
LOAD ./Core/Src/stm32f1xx_hal_msp.o
LOAD ./Core/Src/stm32f1xx_it.o
LOAD ./Core/Src/syscalls.o
LOAD ./Core/Src/sysmem.o
LOAD ./Core/Src/system_stm32f1xx.o
LOAD ./Core/Startup/startup_stm32f103c8tx.o
LOAD ./Drivers/STM32F1xx_HAL_Driver/Src/stm32f1xx_hal.o
LOAD ./Drivers/STM32F1xx_HAL_Driver/Src/stm32f1xx_hal_adc.o
LOAD ./Drivers/STM32F1xx_HAL_Driver/Src/stm32f1xx_hal_adc_ex.o
LOAD ./Drivers/STM32F1xx_HAL_Driver/Src/stm32f1xx_hal_can.o
LOAD ./Drivers/STM32F1xx_HAL_Driver/Src/stm32f1xx_hal_cortex.o
LOAD ./Drivers/STM32F1xx_HAL_Driver/Src/stm32f1xx_hal_dma.o
LOAD ./Drivers/STM32F1xx_HAL_Driver/Src/stm32f1xx_hal_exti.o
LOAD ./Drivers/STM32F1xx_HAL_Driver/Src/stm32f1xx_hal_flash.o
LOAD ./Drivers/STM32F1xx_HAL_Driver/Src/stm32f1xx_hal_flash_ex.o
LOAD ./Drivers/STM32F1xx_HAL_Driver/Src/stm32f1xx_hal_gpio.o
LOAD ./Drivers/STM32F1xx_HAL_Driver/Src/stm32f1xx_hal_gpio_ex.o
LOAD ./Drivers/STM32F1xx_HAL_Driver/Src/stm32f1xx_hal_i2c.o
LOAD ./Drivers/STM32F1xx_HAL_Driver/Src/stm32f1xx_hal_pcd.o
LOAD ./Drivers/STM32F1xx_HAL_Driver/Src/stm32f1xx_hal_pcd_ex.o
LOAD ./Drivers/STM32F1xx_HAL_Driver/Src/stm32f1xx_hal_pwr.o
LOAD ./Drivers/STM32F1xx_HAL_Driver/Src/stm32f1xx_hal_rcc.o
LOAD ./Drivers/STM32F1xx_HAL_Driver/Src/stm32f1xx_hal_rcc_ex.o
LOAD ./Drivers/STM32F1xx_HAL_Driver/Src/stm32f1xx_hal_rtc.o
LOAD ./Drivers/STM32F1xx_HAL_Driver/Src/stm32f1xx_hal_rtc_ex.o
LOAD ./Drivers/STM32F1xx_HAL_Driver/Src/stm32f1xx_hal_spi.o
LOAD ./Drivers/STM32F1xx_HAL_Driver/Src/stm32f1xx_hal_tim.o
LOAD ./Drivers/STM32F1xx_HAL_Driver/Src/stm32f1xx_hal_tim_ex.o
LOAD ./Drivers/STM32F1xx_HAL_Driver/Src/stm32f1xx_hal_uart.o
LOAD ./Drivers/STM32F1xx_HAL_Driver/Src/stm32f1xx_ll_usb.o
LOAD ./FATFS/App/fatfs.o
LOAD ./FATFS/Target/FATFS_SD.o
LOAD ./FATFS/Target/user_diskio.o
LOAD ./Middlewares/ST/STM32_USB_Device_Library/Class/CDC/Src/usbd_cdc.o
LOAD ./Middlewares/ST/STM32_USB_Device_Library/Core/Src/usbd_core.o
LOAD ./Middlewares/ST/STM32_USB_Device_Library/Core/Src/usbd_ctlreq.o
LOAD ./Middlewares/ST/STM32_USB_Device_Library/Core/Src/usbd_ioreq.o
LOAD ./Middlewares/Third_Party/FatFs/src/diskio.o
LOAD ./Middlewares/Third_Party/FatFs/src/ff.o
LOAD ./Middlewares/Third_Party/FatFs/src/ff_gen_drv.o
LOAD ./Middlewares/Third_Party/FatFs/src/option/ccsbcs.o
LOAD ./Middlewares/Third_Party/FatFs/src/option/syscall.o
LOAD ./USB_DEVICE/App/usb_device.o
LOAD ./USB_DEVICE/App/usbd_cdc_if.o
LOAD ./USB_DEVICE/App/usbd_desc.o
LOAD ./USB_DEVICE/Target/usbd_conf.o
START GROUP
LOAD C:/ST/STM32CubeIDE_1.14.0/STM32CubeIDE/plugins/com.st.stm32cube.ide.mcu.externaltools.gnu-tools-for-stm32.11.3.rel1.win32_1.1.100.202309141235/tools/bin/../lib/gcc/arm-none-eabi/11.3.1/../../../../arm-none-eabi/lib/thumb/v7-m/nofp\libc_nano.a
LOAD C:/ST/STM32CubeIDE_1.14.0/STM32CubeIDE/plugins/com.st.stm32cube.ide.mcu.externaltools.gnu-tools-for-stm32.11.3.rel1.win32_1.1.100.202309141235/tools/bin/../lib/gcc/arm-none-eabi/11.3.1/../../../../arm-none-eabi/lib/thumb/v7-m/nofp\libm.a
END GROUP
START GROUP
LOAD C:/ST/STM32CubeIDE_1.14.0/STM32CubeIDE/plugins/com.st.stm32cube.ide.mcu.externaltools.gnu-tools-for-stm32.11.3.rel1.win32_1.1.100.202309141235/tools/bin/../lib/gcc/arm-none-eabi/11.3.1/thumb/v7-m/nofp\libgcc.a
LOAD C:/ST/STM32CubeIDE_1.14.0/STM32CubeIDE/plugins/com.st.stm32cube.ide.mcu.externaltools.gnu-tools-for-stm32.11.3.rel1.win32_1.1.100.202309141235/tools/bin/../lib/gcc/arm-none-eabi/11.3.1/../../../../arm-none-eabi/lib/thumb/v7-m/nofp\libc_nano.a
END GROUP
START GROUP
LOAD C:/ST/STM32CubeIDE_1.14.0/STM32CubeIDE/plugins/com.st.stm32cube.ide.mcu.externaltools.gnu-tools-for-stm32.11.3.rel1.win32_1.1.100.202309141235/tools/bin/../lib/gcc/arm-none-eabi/11.3.1/thumb/v7-m/nofp\libgcc.a
LOAD C:/ST/STM32CubeIDE_1.14.0/STM32CubeIDE/plugins/com.st.stm32cube.ide.mcu.externaltools.gnu-tools-for-stm32.11.3.rel1.win32_1.1.100.202309141235/tools/bin/../lib/gcc/arm-none-eabi/11.3.1/../../../../arm-none-eabi/lib/thumb/v7-m/nofp\libc_nano.a
LOAD C:/ST/STM32CubeIDE_1.14.0/STM32CubeIDE/plugins/com.st.stm32cube.ide.mcu.externaltools.gnu-tools-for-stm32.11.3.rel1.win32_1.1.100.202309141235/tools/bin/../lib/gcc/arm-none-eabi/11.3.1/../../../../arm-none-eabi/lib/thumb/v7-m/nofp\libnosys.a
END GROUP
START GROUP
LOAD C:/ST/STM32CubeIDE_1.14.0/STM32CubeIDE/plugins/com.st.stm32cube.ide.mcu.externaltools.gnu-tools-for-stm32.11.3.rel1.win32_1.1.100.202309141235/tools/bin/../lib/gcc/arm-none-eabi/11.3.1/thumb/v7-m/nofp\libgcc.a
LOAD C:/ST/STM32CubeIDE_1.14.0/STM32CubeIDE/plugins/com.st.stm32cube.ide.mcu.externaltools.gnu-tools-for-stm32.11.3.rel1.win32_1.1.100.202309141235/tools/bin/../lib/gcc/arm-none-eabi/11.3.1/../../../../arm-none-eabi/lib/thumb/v7-m/nofp\libc_nano.a
LOAD C:/ST/STM32CubeIDE_1.14.0/STM32CubeIDE/plugins/com.st.stm32cube.ide.mcu.externaltools.gnu-tools-for-stm32.11.3.rel1.win32_1.1.100.202309141235/tools/bin/../lib/gcc/arm-none-eabi/11.3.1/../../../../arm-none-eabi/lib/thumb/v7-m/nofp\libnosys.a
END GROUP
LOAD C:/ST/STM32CubeIDE_1.14.0/STM32CubeIDE/plugins/com.st.stm32cube.ide.mcu.externaltools.gnu-tools-for-stm32.11.3.rel1.win32_1.1.100.202309141235/tools/bin/../lib/gcc/arm-none-eabi/11.3.1/thumb/v7-m/nofp/crtend.o
LOAD C:/ST/STM32CubeIDE_1.14.0/STM32CubeIDE/plugins/com.st.stm32cube.ide.mcu.externaltools.gnu-tools-for-stm32.11.3.rel1.win32_1.1.100.202309141235/tools/bin/../lib/gcc/arm-none-eabi/11.3.1/thumb/v7-m/nofp/crtn.o
                0x0000000020005000                _estack = (ORIGIN (RAM) + LENGTH (RAM))
                0x0000000000000200                _Min_Heap_Size = 0x200
                0x0000000000000400                _Min_Stack_Size = 0x400

.isr_vector     0x0000000008000000      0x10c
                0x0000000008000000                . = ALIGN (0x4)
 *(.isr_vector)
 .isr_vector    0x0000000008000000      0x10c ./Core/Startup/startup_stm32f103c8tx.o
                0x0000000008000000                g_pfnVectors
                0x000000000800010c                . = ALIGN (0x4)

.text           0x000000000800010c     0xd91c
                0x000000000800010c                . = ALIGN (0x4)
 *(.text)
 .text          0x000000000800010c       0x40 C:/ST/STM32CubeIDE_1.14.0/STM32CubeIDE/plugins/com.st.stm32cube.ide.mcu.externaltools.gnu-tools-for-stm32.11.3.rel1.win32_1.1.100.202309141235/tools/bin/../lib/gcc/arm-none-eabi/11.3.1/thumb/v7-m/nofp/crtbegin.o
 .text          0x000000000800014c       0x10 C:/ST/STM32CubeIDE_1.14.0/STM32CubeIDE/plugins/com.st.stm32cube.ide.mcu.externaltools.gnu-tools-for-stm32.11.3.rel1.win32_1.1.100.202309141235/tools/bin/../lib/gcc/arm-none-eabi/11.3.1/../../../../arm-none-eabi/lib/thumb/v7-m/nofp\libc_nano.a(libc_a-strlen.o)
                0x000000000800014c                strlen
 *(.text*)
 .text.DS1307_Init
                0x000000000800015c       0x20 ./Core/Src/ds1307_for_stm32_hal.o
                0x000000000800015c                DS1307_Init
 .text.DS1307_SetClockHalt
                0x000000000800017c       0x42 ./Core/Src/ds1307_for_stm32_hal.o
                0x000000000800017c                DS1307_SetClockHalt
 *fill*         0x00000000080001be        0x2 
 .text.DS1307_SetRegByte
                0x00000000080001c0       0x3c ./Core/Src/ds1307_for_stm32_hal.o
                0x00000000080001c0                DS1307_SetRegByte
 .text.DS1307_GetRegByte
                0x00000000080001fc       0x44 ./Core/Src/ds1307_for_stm32_hal.o
                0x00000000080001fc                DS1307_GetRegByte
 .text.DS1307_GetDate
                0x0000000008000240       0x18 ./Core/Src/ds1307_for_stm32_hal.o
                0x0000000008000240                DS1307_GetDate
 .text.DS1307_GetMonth
                0x0000000008000258       0x18 ./Core/Src/ds1307_for_stm32_hal.o
                0x0000000008000258                DS1307_GetMonth
 .text.DS1307_GetYear
                0x0000000008000270       0x44 ./Core/Src/ds1307_for_stm32_hal.o
                0x0000000008000270                DS1307_GetYear
 .text.DS1307_GetHour
                0x00000000080002b4       0x1e ./Core/Src/ds1307_for_stm32_hal.o
                0x00000000080002b4                DS1307_GetHour
 .text.DS1307_GetMinute
                0x00000000080002d2       0x18 ./Core/Src/ds1307_for_stm32_hal.o
                0x00000000080002d2                DS1307_GetMinute
 .text.DS1307_GetSecond
                0x00000000080002ea       0x1e ./Core/Src/ds1307_for_stm32_hal.o
                0x00000000080002ea                DS1307_GetSecond
 .text.DS1307_GetTimeZoneHour
                0x0000000008000308       0x12 ./Core/Src/ds1307_for_stm32_hal.o
                0x0000000008000308                DS1307_GetTimeZoneHour
 .text.DS1307_GetTimeZoneMin
                0x000000000800031a       0x10 ./Core/Src/ds1307_for_stm32_hal.o
                0x000000000800031a                DS1307_GetTimeZoneMin
 .text.DS1307_DecodeBCD
                0x000000000800032a       0x30 ./Core/Src/ds1307_for_stm32_hal.o
                0x000000000800032a                DS1307_DecodeBCD
 *fill*         0x000000000800035a        0x2 
 .text.read_Config
                0x000000000800035c       0x74 ./Core/Src/main.o
                0x000000000800035c                read_Config
 .text.main     0x00000000080003d0      0x138 ./Core/Src/main.o
                0x00000000080003d0                main
 .text.SystemClock_Config
                0x0000000008000508       0xc4 ./Core/Src/main.o
                0x0000000008000508                SystemClock_Config
 .text.MX_ADC1_Init
                0x00000000080005cc       0x7c ./Core/Src/main.o
 .text.MX_CAN_Init
                0x0000000008000648       0x68 ./Core/Src/main.o
 .text.MX_I2C1_Init
                0x00000000080006b0       0x5c ./Core/Src/main.o
 .text.MX_RTC_Init
                0x000000000800070c       0x94 ./Core/Src/main.o
 .text.MX_SPI1_Init
                0x00000000080007a0       0x6c ./Core/Src/main.o
 .text.MX_TIM1_Init
                0x000000000800080c      0x140 ./Core/Src/main.o
 .text.MX_TIM2_Init
                0x000000000800094c      0x100 ./Core/Src/main.o
 .text.MX_USART1_UART_Init
                0x0000000008000a4c       0x54 ./Core/Src/main.o
 .text.MX_USART2_UART_Init
                0x0000000008000aa0       0x54 ./Core/Src/main.o
 .text.MX_GPIO_Init
                0x0000000008000af4      0x12c ./Core/Src/main.o
 .text.Error_Handler
                0x0000000008000c20        0xa ./Core/Src/main.o
                0x0000000008000c20                Error_Handler
 *fill*         0x0000000008000c2a        0x2 
 .text.HAL_MspInit
                0x0000000008000c2c       0x64 ./Core/Src/stm32f1xx_hal_msp.o
                0x0000000008000c2c                HAL_MspInit
 .text.HAL_ADC_MspInit
                0x0000000008000c90       0x78 ./Core/Src/stm32f1xx_hal_msp.o
                0x0000000008000c90                HAL_ADC_MspInit
 .text.HAL_CAN_MspInit
                0x0000000008000d08       0xd0 ./Core/Src/stm32f1xx_hal_msp.o
                0x0000000008000d08                HAL_CAN_MspInit
 .text.HAL_I2C_MspInit
                0x0000000008000dd8       0x7c ./Core/Src/stm32f1xx_hal_msp.o
                0x0000000008000dd8                HAL_I2C_MspInit
 .text.HAL_RTC_MspInit
                0x0000000008000e54       0x48 ./Core/Src/stm32f1xx_hal_msp.o
                0x0000000008000e54                HAL_RTC_MspInit
 .text.HAL_SPI_MspInit
                0x0000000008000e9c       0x94 ./Core/Src/stm32f1xx_hal_msp.o
                0x0000000008000e9c                HAL_SPI_MspInit
 .text.HAL_TIM_Base_MspInit
                0x0000000008000f30       0x60 ./Core/Src/stm32f1xx_hal_msp.o
                0x0000000008000f30                HAL_TIM_Base_MspInit
 .text.HAL_TIM_MspPostInit
                0x0000000008000f90       0xd0 ./Core/Src/stm32f1xx_hal_msp.o
                0x0000000008000f90                HAL_TIM_MspPostInit
 .text.HAL_UART_MspInit
                0x0000000008001060      0x108 ./Core/Src/stm32f1xx_hal_msp.o
                0x0000000008001060                HAL_UART_MspInit
 .text.NMI_Handler
                0x0000000008001168        0x6 ./Core/Src/stm32f1xx_it.o
                0x0000000008001168                NMI_Handler
 .text.HardFault_Handler
                0x000000000800116e        0x6 ./Core/Src/stm32f1xx_it.o
                0x000000000800116e                HardFault_Handler
 .text.MemManage_Handler
                0x0000000008001174        0x6 ./Core/Src/stm32f1xx_it.o
                0x0000000008001174                MemManage_Handler
 .text.BusFault_Handler
                0x000000000800117a        0x6 ./Core/Src/stm32f1xx_it.o
                0x000000000800117a                BusFault_Handler
 .text.UsageFault_Handler
                0x0000000008001180        0x6 ./Core/Src/stm32f1xx_it.o
                0x0000000008001180                UsageFault_Handler
 .text.SVC_Handler
                0x0000000008001186        0xc ./Core/Src/stm32f1xx_it.o
                0x0000000008001186                SVC_Handler
 .text.DebugMon_Handler
                0x0000000008001192        0xc ./Core/Src/stm32f1xx_it.o
                0x0000000008001192                DebugMon_Handler
 .text.PendSV_Handler
                0x000000000800119e        0xc ./Core/Src/stm32f1xx_it.o
                0x000000000800119e                PendSV_Handler
 .text.SysTick_Handler
                0x00000000080011aa        0xc ./Core/Src/stm32f1xx_it.o
                0x00000000080011aa                SysTick_Handler
 *fill*         0x00000000080011b6        0x2 
 .text.USB_LP_CAN1_RX0_IRQHandler
                0x00000000080011b8       0x1c ./Core/Src/stm32f1xx_it.o
                0x00000000080011b8                USB_LP_CAN1_RX0_IRQHandler
 .text._sbrk    0x00000000080011d4       0x6c ./Core/Src/sysmem.o
                0x00000000080011d4                _sbrk
 .text.SystemInit
                0x0000000008001240        0xc ./Core/Src/system_stm32f1xx.o
                0x0000000008001240                SystemInit
 .text.Reset_Handler
                0x000000000800124c       0x48 ./Core/Startup/startup_stm32f103c8tx.o
                0x000000000800124c                Reset_Handler
 .text.Default_Handler
                0x0000000008001294        0x2 ./Core/Startup/startup_stm32f103c8tx.o
                0x0000000008001294                RTC_Alarm_IRQHandler
                0x0000000008001294                EXTI2_IRQHandler
                0x0000000008001294                TIM1_CC_IRQHandler
                0x0000000008001294                PVD_IRQHandler
                0x0000000008001294                EXTI3_IRQHandler
                0x0000000008001294                EXTI0_IRQHandler
                0x0000000008001294                I2C2_EV_IRQHandler
                0x0000000008001294                ADC1_2_IRQHandler
                0x0000000008001294                SPI1_IRQHandler
                0x0000000008001294                TAMPER_IRQHandler
                0x0000000008001294                DMA1_Channel4_IRQHandler
                0x0000000008001294                USART3_IRQHandler
                0x0000000008001294                RTC_IRQHandler
                0x0000000008001294                DMA1_Channel7_IRQHandler
                0x0000000008001294                CAN1_RX1_IRQHandler
                0x0000000008001294                TIM4_IRQHandler
                0x0000000008001294                I2C1_EV_IRQHandler
                0x0000000008001294                DMA1_Channel6_IRQHandler
                0x0000000008001294                TIM3_IRQHandler
                0x0000000008001294                RCC_IRQHandler
                0x0000000008001294                TIM1_TRG_COM_IRQHandler
                0x0000000008001294                DMA1_Channel1_IRQHandler
                0x0000000008001294                Default_Handler
                0x0000000008001294                EXTI15_10_IRQHandler
                0x0000000008001294                EXTI9_5_IRQHandler
                0x0000000008001294                SPI2_IRQHandler
                0x0000000008001294                DMA1_Channel5_IRQHandler
                0x0000000008001294                EXTI4_IRQHandler
                0x0000000008001294                USB_HP_CAN1_TX_IRQHandler
                0x0000000008001294                DMA1_Channel3_IRQHandler
                0x0000000008001294                TIM1_UP_IRQHandler
                0x0000000008001294                WWDG_IRQHandler
                0x0000000008001294                TIM2_IRQHandler
                0x0000000008001294                TIM1_BRK_IRQHandler
                0x0000000008001294                EXTI1_IRQHandler
                0x0000000008001294                USART2_IRQHandler
                0x0000000008001294                I2C2_ER_IRQHandler
                0x0000000008001294                DMA1_Channel2_IRQHandler
                0x0000000008001294                CAN1_SCE_IRQHandler
                0x0000000008001294                FLASH_IRQHandler
                0x0000000008001294                USART1_IRQHandler
                0x0000000008001294                I2C1_ER_IRQHandler
                0x0000000008001294                USBWakeUp_IRQHandler
 *fill*         0x0000000008001296        0x2 
 .text.HAL_Init
                0x0000000008001298       0x2c ./Drivers/STM32F1xx_HAL_Driver/Src/stm32f1xx_hal.o
                0x0000000008001298                HAL_Init
 .text.HAL_InitTick
                0x00000000080012c4       0x60 ./Drivers/STM32F1xx_HAL_Driver/Src/stm32f1xx_hal.o
                0x00000000080012c4                HAL_InitTick
 .text.HAL_IncTick
                0x0000000008001324       0x24 ./Drivers/STM32F1xx_HAL_Driver/Src/stm32f1xx_hal.o
                0x0000000008001324                HAL_IncTick
 .text.HAL_GetTick
                0x0000000008001348       0x14 ./Drivers/STM32F1xx_HAL_Driver/Src/stm32f1xx_hal.o
                0x0000000008001348                HAL_GetTick
 .text.HAL_Delay
                0x000000000800135c       0x48 ./Drivers/STM32F1xx_HAL_Driver/Src/stm32f1xx_hal.o
                0x000000000800135c                HAL_Delay
 .text.HAL_ADC_Init
                0x00000000080013a4      0x1b0 ./Drivers/STM32F1xx_HAL_Driver/Src/stm32f1xx_hal_adc.o
                0x00000000080013a4                HAL_ADC_Init
 .text.HAL_ADC_ConfigChannel
                0x0000000008001554      0x1f0 ./Drivers/STM32F1xx_HAL_Driver/Src/stm32f1xx_hal_adc.o
                0x0000000008001554                HAL_ADC_ConfigChannel
 .text.ADC_ConversionStop_Disable
                0x0000000008001744       0x82 ./Drivers/STM32F1xx_HAL_Driver/Src/stm32f1xx_hal_adc.o
                0x0000000008001744                ADC_ConversionStop_Disable
 .text.HAL_CAN_Init
                0x00000000080017c6      0x1f6 ./Drivers/STM32F1xx_HAL_Driver/Src/stm32f1xx_hal_can.o
                0x00000000080017c6                HAL_CAN_Init
 .text.HAL_CAN_IRQHandler
                0x00000000080019bc      0x36e ./Drivers/STM32F1xx_HAL_Driver/Src/stm32f1xx_hal_can.o
                0x00000000080019bc                HAL_CAN_IRQHandler
 .text.HAL_CAN_TxMailbox0CompleteCallback
                0x0000000008001d2a       0x12 ./Drivers/STM32F1xx_HAL_Driver/Src/stm32f1xx_hal_can.o
                0x0000000008001d2a                HAL_CAN_TxMailbox0CompleteCallback
 .text.HAL_CAN_TxMailbox1CompleteCallback
                0x0000000008001d3c       0x12 ./Drivers/STM32F1xx_HAL_Driver/Src/stm32f1xx_hal_can.o
                0x0000000008001d3c                HAL_CAN_TxMailbox1CompleteCallback
 .text.HAL_CAN_TxMailbox2CompleteCallback
                0x0000000008001d4e       0x12 ./Drivers/STM32F1xx_HAL_Driver/Src/stm32f1xx_hal_can.o
                0x0000000008001d4e                HAL_CAN_TxMailbox2CompleteCallback
 .text.HAL_CAN_TxMailbox0AbortCallback
                0x0000000008001d60       0x12 ./Drivers/STM32F1xx_HAL_Driver/Src/stm32f1xx_hal_can.o
                0x0000000008001d60                HAL_CAN_TxMailbox0AbortCallback
 .text.HAL_CAN_TxMailbox1AbortCallback
                0x0000000008001d72       0x12 ./Drivers/STM32F1xx_HAL_Driver/Src/stm32f1xx_hal_can.o
                0x0000000008001d72                HAL_CAN_TxMailbox1AbortCallback
 .text.HAL_CAN_TxMailbox2AbortCallback
                0x0000000008001d84       0x12 ./Drivers/STM32F1xx_HAL_Driver/Src/stm32f1xx_hal_can.o
                0x0000000008001d84                HAL_CAN_TxMailbox2AbortCallback
 .text.HAL_CAN_RxFifo0MsgPendingCallback
                0x0000000008001d96       0x12 ./Drivers/STM32F1xx_HAL_Driver/Src/stm32f1xx_hal_can.o
                0x0000000008001d96                HAL_CAN_RxFifo0MsgPendingCallback
 .text.HAL_CAN_RxFifo0FullCallback
                0x0000000008001da8       0x12 ./Drivers/STM32F1xx_HAL_Driver/Src/stm32f1xx_hal_can.o
                0x0000000008001da8                HAL_CAN_RxFifo0FullCallback
 .text.HAL_CAN_RxFifo1MsgPendingCallback
                0x0000000008001dba       0x12 ./Drivers/STM32F1xx_HAL_Driver/Src/stm32f1xx_hal_can.o
                0x0000000008001dba                HAL_CAN_RxFifo1MsgPendingCallback
 .text.HAL_CAN_RxFifo1FullCallback
                0x0000000008001dcc       0x12 ./Drivers/STM32F1xx_HAL_Driver/Src/stm32f1xx_hal_can.o
                0x0000000008001dcc                HAL_CAN_RxFifo1FullCallback
 .text.HAL_CAN_SleepCallback
                0x0000000008001dde       0x12 ./Drivers/STM32F1xx_HAL_Driver/Src/stm32f1xx_hal_can.o
                0x0000000008001dde                HAL_CAN_SleepCallback
 .text.HAL_CAN_WakeUpFromRxMsgCallback
                0x0000000008001df0       0x12 ./Drivers/STM32F1xx_HAL_Driver/Src/stm32f1xx_hal_can.o
                0x0000000008001df0                HAL_CAN_WakeUpFromRxMsgCallback
 .text.HAL_CAN_ErrorCallback
                0x0000000008001e02       0x12 ./Drivers/STM32F1xx_HAL_Driver/Src/stm32f1xx_hal_can.o
                0x0000000008001e02                HAL_CAN_ErrorCallback
 .text.__NVIC_SetPriorityGrouping
                0x0000000008001e14       0x48 ./Drivers/STM32F1xx_HAL_Driver/Src/stm32f1xx_hal_cortex.o
 .text.__NVIC_GetPriorityGrouping
                0x0000000008001e5c       0x1c ./Drivers/STM32F1xx_HAL_Driver/Src/stm32f1xx_hal_cortex.o
 .text.__NVIC_EnableIRQ
                0x0000000008001e78       0x38 ./Drivers/STM32F1xx_HAL_Driver/Src/stm32f1xx_hal_cortex.o
 .text.__NVIC_SetPriority
                0x0000000008001eb0       0x54 ./Drivers/STM32F1xx_HAL_Driver/Src/stm32f1xx_hal_cortex.o
 .text.NVIC_EncodePriority
                0x0000000008001f04       0x64 ./Drivers/STM32F1xx_HAL_Driver/Src/stm32f1xx_hal_cortex.o
 .text.SysTick_Config
                0x0000000008001f68       0x44 ./Drivers/STM32F1xx_HAL_Driver/Src/stm32f1xx_hal_cortex.o
 .text.HAL_NVIC_SetPriorityGrouping
                0x0000000008001fac       0x16 ./Drivers/STM32F1xx_HAL_Driver/Src/stm32f1xx_hal_cortex.o
                0x0000000008001fac                HAL_NVIC_SetPriorityGrouping
 .text.HAL_NVIC_SetPriority
                0x0000000008001fc2       0x38 ./Drivers/STM32F1xx_HAL_Driver/Src/stm32f1xx_hal_cortex.o
                0x0000000008001fc2                HAL_NVIC_SetPriority
 .text.HAL_NVIC_EnableIRQ
                0x0000000008001ffa       0x1c ./Drivers/STM32F1xx_HAL_Driver/Src/stm32f1xx_hal_cortex.o
                0x0000000008001ffa                HAL_NVIC_EnableIRQ
 .text.HAL_SYSTICK_Config
                0x0000000008002016       0x18 ./Drivers/STM32F1xx_HAL_Driver/Src/stm32f1xx_hal_cortex.o
                0x0000000008002016                HAL_SYSTICK_Config
 *fill*         0x000000000800202e        0x2 
 .text.HAL_GPIO_Init
                0x0000000008002030      0x308 ./Drivers/STM32F1xx_HAL_Driver/Src/stm32f1xx_hal_gpio.o
                0x0000000008002030                HAL_GPIO_Init
 .text.HAL_GPIO_WritePin
                0x0000000008002338       0x30 ./Drivers/STM32F1xx_HAL_Driver/Src/stm32f1xx_hal_gpio.o
                0x0000000008002338                HAL_GPIO_WritePin
 .text.HAL_GPIO_TogglePin
                0x0000000008002368       0x32 ./Drivers/STM32F1xx_HAL_Driver/Src/stm32f1xx_hal_gpio.o
                0x0000000008002368                HAL_GPIO_TogglePin
 *fill*         0x000000000800239a        0x2 
 .text.HAL_I2C_Init
                0x000000000800239c      0x288 ./Drivers/STM32F1xx_HAL_Driver/Src/stm32f1xx_hal_i2c.o
                0x000000000800239c                HAL_I2C_Init
 .text.HAL_I2C_Master_Transmit
                0x0000000008002624      0x1fc ./Drivers/STM32F1xx_HAL_Driver/Src/stm32f1xx_hal_i2c.o
                0x0000000008002624                HAL_I2C_Master_Transmit
 .text.HAL_I2C_Master_Receive
                0x0000000008002820      0x4d8 ./Drivers/STM32F1xx_HAL_Driver/Src/stm32f1xx_hal_i2c.o
                0x0000000008002820                HAL_I2C_Master_Receive
 .text.HAL_I2C_Mem_Read
                0x0000000008002cf8      0x4e8 ./Drivers/STM32F1xx_HAL_Driver/Src/stm32f1xx_hal_i2c.o
                0x0000000008002cf8                HAL_I2C_Mem_Read
 .text.I2C_MasterRequestWrite
                0x00000000080031e0      0x104 ./Drivers/STM32F1xx_HAL_Driver/Src/stm32f1xx_hal_i2c.o
 .text.I2C_MasterRequestRead
                0x00000000080032e4      0x19c ./Drivers/STM32F1xx_HAL_Driver/Src/stm32f1xx_hal_i2c.o
 .text.I2C_RequestMemoryRead
                0x0000000008003480      0x1d0 ./Drivers/STM32F1xx_HAL_Driver/Src/stm32f1xx_hal_i2c.o
 .text.I2C_WaitOnFlagUntilTimeout
                0x0000000008003650       0xf4 ./Drivers/STM32F1xx_HAL_Driver/Src/stm32f1xx_hal_i2c.o
 .text.I2C_WaitOnMasterAddressFlagUntilTimeout
                0x0000000008003744      0x140 ./Drivers/STM32F1xx_HAL_Driver/Src/stm32f1xx_hal_i2c.o
 .text.I2C_WaitOnTXEFlagUntilTimeout
                0x0000000008003884       0x90 ./Drivers/STM32F1xx_HAL_Driver/Src/stm32f1xx_hal_i2c.o
 .text.I2C_WaitOnBTFFlagUntilTimeout
                0x0000000008003914       0x90 ./Drivers/STM32F1xx_HAL_Driver/Src/stm32f1xx_hal_i2c.o
 .text.I2C_WaitOnRXNEFlagUntilTimeout
                0x00000000080039a4       0xba ./Drivers/STM32F1xx_HAL_Driver/Src/stm32f1xx_hal_i2c.o
 .text.I2C_IsAcknowledgeFailed
                0x0000000008003a5e       0x5c ./Drivers/STM32F1xx_HAL_Driver/Src/stm32f1xx_hal_i2c.o
 .text.HAL_PCD_Init
                0x0000000008003aba      0x1ec ./Drivers/STM32F1xx_HAL_Driver/Src/stm32f1xx_hal_pcd.o
                0x0000000008003aba                HAL_PCD_Init
 .text.HAL_PCD_Start
                0x0000000008003ca6       0x4c ./Drivers/STM32F1xx_HAL_Driver/Src/stm32f1xx_hal_pcd.o
                0x0000000008003ca6                HAL_PCD_Start
 .text.HAL_PCD_IRQHandler
                0x0000000008003cf2      0x260 ./Drivers/STM32F1xx_HAL_Driver/Src/stm32f1xx_hal_pcd.o
                0x0000000008003cf2                HAL_PCD_IRQHandler
 .text.HAL_PCD_SetAddress
                0x0000000008003f52       0x48 ./Drivers/STM32F1xx_HAL_Driver/Src/stm32f1xx_hal_pcd.o
                0x0000000008003f52                HAL_PCD_SetAddress
 .text.HAL_PCD_EP_Open
                0x0000000008003f9a       0xba ./Drivers/STM32F1xx_HAL_Driver/Src/stm32f1xx_hal_pcd.o
                0x0000000008003f9a                HAL_PCD_EP_Open
 .text.HAL_PCD_EP_Close
                0x0000000008004054       0x90 ./Drivers/STM32F1xx_HAL_Driver/Src/stm32f1xx_hal_pcd.o
                0x0000000008004054                HAL_PCD_EP_Close
 .text.HAL_PCD_EP_Receive
                0x00000000080040e4       0x62 ./Drivers/STM32F1xx_HAL_Driver/Src/stm32f1xx_hal_pcd.o
                0x00000000080040e4                HAL_PCD_EP_Receive
 .text.HAL_PCD_EP_GetRxCount
                0x0000000008004146       0x2e ./Drivers/STM32F1xx_HAL_Driver/Src/stm32f1xx_hal_pcd.o
                0x0000000008004146                HAL_PCD_EP_GetRxCount
 .text.HAL_PCD_EP_Transmit
                0x0000000008004174       0x6e ./Drivers/STM32F1xx_HAL_Driver/Src/stm32f1xx_hal_pcd.o
                0x0000000008004174                HAL_PCD_EP_Transmit
 .text.HAL_PCD_EP_SetStall
                0x00000000080041e2       0xc0 ./Drivers/STM32F1xx_HAL_Driver/Src/stm32f1xx_hal_pcd.o
                0x00000000080041e2                HAL_PCD_EP_SetStall
 .text.HAL_PCD_EP_ClrStall
                0x00000000080042a2       0xa8 ./Drivers/STM32F1xx_HAL_Driver/Src/stm32f1xx_hal_pcd.o
                0x00000000080042a2                HAL_PCD_EP_ClrStall
 .text.PCD_EP_ISR_Handler
                0x000000000800434a      0x7a0 ./Drivers/STM32F1xx_HAL_Driver/Src/stm32f1xx_hal_pcd.o
 .text.HAL_PCD_EP_DB_Receive
                0x0000000008004aea      0x21a ./Drivers/STM32F1xx_HAL_Driver/Src/stm32f1xx_hal_pcd.o
 .text.HAL_PCD_EP_DB_Transmit
                0x0000000008004d04      0x7f4 ./Drivers/STM32F1xx_HAL_Driver/Src/stm32f1xx_hal_pcd.o
 .text.HAL_PCDEx_PMAConfig
                0x00000000080054f8       0x84 ./Drivers/STM32F1xx_HAL_Driver/Src/stm32f1xx_hal_pcd_ex.o
                0x00000000080054f8                HAL_PCDEx_PMAConfig
 .text.HAL_PWR_EnableBkUpAccess
                0x000000000800557c       0x18 ./Drivers/STM32F1xx_HAL_Driver/Src/stm32f1xx_hal_pwr.o
                0x000000000800557c                HAL_PWR_EnableBkUpAccess
 .text.HAL_RCC_OscConfig
                0x0000000008005594      0x504 ./Drivers/STM32F1xx_HAL_Driver/Src/stm32f1xx_hal_rcc.o
                0x0000000008005594                HAL_RCC_OscConfig
 .text.HAL_RCC_ClockConfig
                0x0000000008005a98      0x1d4 ./Drivers/STM32F1xx_HAL_Driver/Src/stm32f1xx_hal_rcc.o
                0x0000000008005a98                HAL_RCC_ClockConfig
 .text.HAL_RCC_GetSysClockFreq
                0x0000000008005c6c       0xa8 ./Drivers/STM32F1xx_HAL_Driver/Src/stm32f1xx_hal_rcc.o
                0x0000000008005c6c                HAL_RCC_GetSysClockFreq
 .text.HAL_RCC_GetHCLKFreq
                0x0000000008005d14       0x14 ./Drivers/STM32F1xx_HAL_Driver/Src/stm32f1xx_hal_rcc.o
                0x0000000008005d14                HAL_RCC_GetHCLKFreq
 .text.HAL_RCC_GetPCLK1Freq
                0x0000000008005d28       0x28 ./Drivers/STM32F1xx_HAL_Driver/Src/stm32f1xx_hal_rcc.o
                0x0000000008005d28                HAL_RCC_GetPCLK1Freq
 .text.HAL_RCC_GetPCLK2Freq
                0x0000000008005d50       0x28 ./Drivers/STM32F1xx_HAL_Driver/Src/stm32f1xx_hal_rcc.o
                0x0000000008005d50                HAL_RCC_GetPCLK2Freq
 .text.RCC_Delay
                0x0000000008005d78       0x3c ./Drivers/STM32F1xx_HAL_Driver/Src/stm32f1xx_hal_rcc.o
 .text.HAL_RCCEx_PeriphCLKConfig
                0x0000000008005db4      0x16c ./Drivers/STM32F1xx_HAL_Driver/Src/stm32f1xx_hal_rcc_ex.o
                0x0000000008005db4                HAL_RCCEx_PeriphCLKConfig
 .text.HAL_RCCEx_GetPeriphCLKFreq
                0x0000000008005f20      0x16c ./Drivers/STM32F1xx_HAL_Driver/Src/stm32f1xx_hal_rcc_ex.o
                0x0000000008005f20                HAL_RCCEx_GetPeriphCLKFreq
 .text.HAL_RTC_Init
                0x000000000800608c      0x118 ./Drivers/STM32F1xx_HAL_Driver/Src/stm32f1xx_hal_rtc.o
                0x000000000800608c                HAL_RTC_Init
 .text.HAL_RTC_SetTime
                0x00000000080061a4      0x12e ./Drivers/STM32F1xx_HAL_Driver/Src/stm32f1xx_hal_rtc.o
                0x00000000080061a4                HAL_RTC_SetTime
 *fill*         0x00000000080062d2        0x2 
 .text.HAL_RTC_SetDate
                0x00000000080062d4      0x16c ./Drivers/STM32F1xx_HAL_Driver/Src/stm32f1xx_hal_rtc.o
                0x00000000080062d4                HAL_RTC_SetDate
 .text.HAL_RTC_WaitForSynchro
                0x0000000008006440       0x5a ./Drivers/STM32F1xx_HAL_Driver/Src/stm32f1xx_hal_rtc.o
                0x0000000008006440                HAL_RTC_WaitForSynchro
 .text.RTC_ReadTimeCounter
                0x000000000800649a       0x60 ./Drivers/STM32F1xx_HAL_Driver/Src/stm32f1xx_hal_rtc.o
 .text.RTC_WriteTimeCounter
                0x00000000080064fa       0x4e ./Drivers/STM32F1xx_HAL_Driver/Src/stm32f1xx_hal_rtc.o
 .text.RTC_ReadAlarmCounter
                0x0000000008006548       0x32 ./Drivers/STM32F1xx_HAL_Driver/Src/stm32f1xx_hal_rtc.o
 .text.RTC_WriteAlarmCounter
                0x000000000800657a       0x4e ./Drivers/STM32F1xx_HAL_Driver/Src/stm32f1xx_hal_rtc.o
 .text.RTC_EnterInitMode
                0x00000000080065c8       0x50 ./Drivers/STM32F1xx_HAL_Driver/Src/stm32f1xx_hal_rtc.o
 .text.RTC_ExitInitMode
                0x0000000008006618       0x50 ./Drivers/STM32F1xx_HAL_Driver/Src/stm32f1xx_hal_rtc.o
 .text.RTC_Bcd2ToByte
                0x0000000008006668       0x3a ./Drivers/STM32F1xx_HAL_Driver/Src/stm32f1xx_hal_rtc.o
 *fill*         0x00000000080066a2        0x2 
 .text.RTC_WeekDayNum
                0x00000000080066a4       0xf0 ./Drivers/STM32F1xx_HAL_Driver/Src/stm32f1xx_hal_rtc.o
 .text.HAL_SPI_Init
                0x0000000008006794      0x108 ./Drivers/STM32F1xx_HAL_Driver/Src/stm32f1xx_hal_spi.o
                0x0000000008006794                HAL_SPI_Init
 .text.HAL_SPI_Transmit
                0x000000000800689c      0x288 ./Drivers/STM32F1xx_HAL_Driver/Src/stm32f1xx_hal_spi.o
                0x000000000800689c                HAL_SPI_Transmit
 .text.HAL_SPI_TransmitReceive
                0x0000000008006b24      0x352 ./Drivers/STM32F1xx_HAL_Driver/Src/stm32f1xx_hal_spi.o
                0x0000000008006b24                HAL_SPI_TransmitReceive
 *fill*         0x0000000008006e76        0x2 
 .text.SPI_WaitFlagStateUntilTimeout
                0x0000000008006e78      0x110 ./Drivers/STM32F1xx_HAL_Driver/Src/stm32f1xx_hal_spi.o
 .text.SPI_EndRxTxTransaction
                0x0000000008006f88       0x62 ./Drivers/STM32F1xx_HAL_Driver/Src/stm32f1xx_hal_spi.o
 .text.HAL_TIM_Base_Init
                0x0000000008006fea       0x9e ./Drivers/STM32F1xx_HAL_Driver/Src/stm32f1xx_hal_tim.o
                0x0000000008006fea                HAL_TIM_Base_Init
 .text.HAL_TIM_PWM_Init
                0x0000000008007088       0x9e ./Drivers/STM32F1xx_HAL_Driver/Src/stm32f1xx_hal_tim.o
                0x0000000008007088                HAL_TIM_PWM_Init
 .text.HAL_TIM_PWM_MspInit
                0x0000000008007126       0x12 ./Drivers/STM32F1xx_HAL_Driver/Src/stm32f1xx_hal_tim.o
                0x0000000008007126                HAL_TIM_PWM_MspInit
 .text.HAL_TIM_PWM_ConfigChannel
                0x0000000008007138      0x184 ./Drivers/STM32F1xx_HAL_Driver/Src/stm32f1xx_hal_tim.o
                0x0000000008007138                HAL_TIM_PWM_ConfigChannel
 .text.HAL_TIM_ConfigClockSource
                0x00000000080072bc      0x18e ./Drivers/STM32F1xx_HAL_Driver/Src/stm32f1xx_hal_tim.o
                0x00000000080072bc                HAL_TIM_ConfigClockSource
 *fill*         0x000000000800744a        0x2 
 .text.TIM_Base_SetConfig
                0x000000000800744c       0xdc ./Drivers/STM32F1xx_HAL_Driver/Src/stm32f1xx_hal_tim.o
                0x000000000800744c                TIM_Base_SetConfig
 .text.TIM_OC1_SetConfig
                0x0000000008007528       0xcc ./Drivers/STM32F1xx_HAL_Driver/Src/stm32f1xx_hal_tim.o
 .text.TIM_OC2_SetConfig
                0x00000000080075f4       0xd4 ./Drivers/STM32F1xx_HAL_Driver/Src/stm32f1xx_hal_tim.o
                0x00000000080075f4                TIM_OC2_SetConfig
 .text.TIM_OC3_SetConfig
                0x00000000080076c8       0xd4 ./Drivers/STM32F1xx_HAL_Driver/Src/stm32f1xx_hal_tim.o
 .text.TIM_OC4_SetConfig
                0x000000000800779c       0x9c ./Drivers/STM32F1xx_HAL_Driver/Src/stm32f1xx_hal_tim.o
 .text.TIM_TI1_ConfigInputStage
                0x0000000008007838       0x5c ./Drivers/STM32F1xx_HAL_Driver/Src/stm32f1xx_hal_tim.o
 .text.TIM_TI2_ConfigInputStage
                0x0000000008007894       0x5e ./Drivers/STM32F1xx_HAL_Driver/Src/stm32f1xx_hal_tim.o
 .text.TIM_ITRx_SetConfig
                0x00000000080078f2       0x34 ./Drivers/STM32F1xx_HAL_Driver/Src/stm32f1xx_hal_tim.o
 .text.TIM_ETR_SetConfig
                0x0000000008007926       0x3e ./Drivers/STM32F1xx_HAL_Driver/Src/stm32f1xx_hal_tim.o
                0x0000000008007926                TIM_ETR_SetConfig
 .text.HAL_TIMEx_MasterConfigSynchronization
                0x0000000008007964       0xbc ./Drivers/STM32F1xx_HAL_Driver/Src/stm32f1xx_hal_tim_ex.o
                0x0000000008007964                HAL_TIMEx_MasterConfigSynchronization
 .text.HAL_TIMEx_ConfigBreakDeadTime
                0x0000000008007a20       0xa2 ./Drivers/STM32F1xx_HAL_Driver/Src/stm32f1xx_hal_tim_ex.o
                0x0000000008007a20                HAL_TIMEx_ConfigBreakDeadTime
 .text.HAL_UART_Init
                0x0000000008007ac2       0xa0 ./Drivers/STM32F1xx_HAL_Driver/Src/stm32f1xx_hal_uart.o
                0x0000000008007ac2                HAL_UART_Init
 .text.HAL_UART_Transmit
                0x0000000008007b62      0x116 ./Drivers/STM32F1xx_HAL_Driver/Src/stm32f1xx_hal_uart.o
                0x0000000008007b62                HAL_UART_Transmit
 .text.UART_WaitOnFlagUntilTimeout
                0x0000000008007c78       0xb2 ./Drivers/STM32F1xx_HAL_Driver/Src/stm32f1xx_hal_uart.o
 .text.UART_EndRxTransfer
                0x0000000008007d2a       0xc4 ./Drivers/STM32F1xx_HAL_Driver/Src/stm32f1xx_hal_uart.o
 *fill*         0x0000000008007dee        0x2 
 .text.UART_SetConfig
                0x0000000008007df0      0x11c ./Drivers/STM32F1xx_HAL_Driver/Src/stm32f1xx_hal_uart.o
 .text.USB_CoreInit
                0x0000000008007f0c       0x1a ./Drivers/STM32F1xx_HAL_Driver/Src/stm32f1xx_ll_usb.o
                0x0000000008007f0c                USB_CoreInit
 .text.USB_EnableGlobalInt
                0x0000000008007f26       0x2c ./Drivers/STM32F1xx_HAL_Driver/Src/stm32f1xx_ll_usb.o
                0x0000000008007f26                USB_EnableGlobalInt
 .text.USB_DisableGlobalInt
                0x0000000008007f52       0x34 ./Drivers/STM32F1xx_HAL_Driver/Src/stm32f1xx_ll_usb.o
                0x0000000008007f52                USB_DisableGlobalInt
 .text.USB_SetCurrentMode
                0x0000000008007f86       0x18 ./Drivers/STM32F1xx_HAL_Driver/Src/stm32f1xx_ll_usb.o
                0x0000000008007f86                USB_SetCurrentMode
 .text.USB_DevInit
                0x0000000008007f9e       0x3a ./Drivers/STM32F1xx_HAL_Driver/Src/stm32f1xx_ll_usb.o
                0x0000000008007f9e                USB_DevInit
 .text.USB_ActivateEndpoint
                0x0000000008007fd8      0x780 ./Drivers/STM32F1xx_HAL_Driver/Src/stm32f1xx_ll_usb.o
                0x0000000008007fd8                USB_ActivateEndpoint
 .text.USB_DeactivateEndpoint
                0x0000000008008758      0x3d8 ./Drivers/STM32F1xx_HAL_Driver/Src/stm32f1xx_ll_usb.o
                0x0000000008008758                USB_DeactivateEndpoint
 .text.USB_EPStartXfer
                0x0000000008008b30     0x1762 ./Drivers/STM32F1xx_HAL_Driver/Src/stm32f1xx_ll_usb.o
                0x0000000008008b30                USB_EPStartXfer
 .text.USB_EPSetStall
                0x000000000800a292       0xa0 ./Drivers/STM32F1xx_HAL_Driver/Src/stm32f1xx_ll_usb.o
                0x000000000800a292                USB_EPSetStall
 .text.USB_EPClearStall
                0x000000000800a332      0x15a ./Drivers/STM32F1xx_HAL_Driver/Src/stm32f1xx_ll_usb.o
                0x000000000800a332                USB_EPClearStall
 .text.USB_SetDevAddress
                0x000000000800a48c       0x26 ./Drivers/STM32F1xx_HAL_Driver/Src/stm32f1xx_ll_usb.o
                0x000000000800a48c                USB_SetDevAddress
 .text.USB_DevConnect
                0x000000000800a4b2       0x14 ./Drivers/STM32F1xx_HAL_Driver/Src/stm32f1xx_ll_usb.o
                0x000000000800a4b2                USB_DevConnect
 .text.USB_DevDisconnect
                0x000000000800a4c6       0x14 ./Drivers/STM32F1xx_HAL_Driver/Src/stm32f1xx_ll_usb.o
                0x000000000800a4c6                USB_DevDisconnect
 .text.USB_ReadInterrupts
                0x000000000800a4da       0x1e ./Drivers/STM32F1xx_HAL_Driver/Src/stm32f1xx_ll_usb.o
                0x000000000800a4da                USB_ReadInterrupts
 .text.USB_EP0_OutStart
                0x000000000800a4f8       0x16 ./Drivers/STM32F1xx_HAL_Driver/Src/stm32f1xx_ll_usb.o
                0x000000000800a4f8                USB_EP0_OutStart
 .text.USB_WritePMA
                0x000000000800a50e       0x8a ./Drivers/STM32F1xx_HAL_Driver/Src/stm32f1xx_ll_usb.o
                0x000000000800a50e                USB_WritePMA
 .text.USB_ReadPMA
                0x000000000800a598       0x9e ./Drivers/STM32F1xx_HAL_Driver/Src/stm32f1xx_ll_usb.o
                0x000000000800a598                USB_ReadPMA
 *fill*         0x000000000800a636        0x2 
 .text.MX_FATFS_Init
                0x000000000800a638       0x24 ./FATFS/App/fatfs.o
                0x000000000800a638                MX_FATFS_Init
 .text.SELECT   0x000000000800a65c       0x18 ./FATFS/Target/FATFS_SD.o
 .text.DESELECT
                0x000000000800a674       0x18 ./FATFS/Target/FATFS_SD.o
 .text.SPI_TxByte
                0x000000000800a68c       0x34 ./FATFS/Target/FATFS_SD.o
 .text.SPI_TxBuffer
                0x000000000800a6c0       0x34 ./FATFS/Target/FATFS_SD.o
 .text.SPI_RxByte
                0x000000000800a6f4       0x38 ./FATFS/Target/FATFS_SD.o
 .text.SPI_RxBytePtr
                0x000000000800a72c       0x1c ./FATFS/Target/FATFS_SD.o
 .text.SD_ReadyWait
                0x000000000800a748       0x34 ./FATFS/Target/FATFS_SD.o
 .text.SD_PowerOn
                0x000000000800a77c       0x84 ./FATFS/Target/FATFS_SD.o
 .text.SD_PowerOff
                0x000000000800a800       0x18 ./FATFS/Target/FATFS_SD.o
 .text.SD_CheckPower
                0x000000000800a818       0x14 ./FATFS/Target/FATFS_SD.o
 .text.SD_RxDataBlock
                0x000000000800a82c       0x5c ./FATFS/Target/FATFS_SD.o
 .text.SD_TxDataBlock
                0x000000000800a888       0x86 ./FATFS/Target/FATFS_SD.o
 .text.SD_SendCmd
                0x000000000800a90e       0xa8 ./FATFS/Target/FATFS_SD.o
 *fill*         0x000000000800a9b6        0x2 
 .text.SD_disk_initialize
                0x000000000800a9b8      0x1cc ./FATFS/Target/FATFS_SD.o
                0x000000000800a9b8                SD_disk_initialize
 .text.SD_disk_status
                0x000000000800ab84       0x28 ./FATFS/Target/FATFS_SD.o
                0x000000000800ab84                SD_disk_status
 .text.SD_disk_read
                0x000000000800abac       0xd4 ./FATFS/Target/FATFS_SD.o
                0x000000000800abac                SD_disk_read
 .text.SD_disk_write
                0x000000000800ac80      0x108 ./FATFS/Target/FATFS_SD.o
                0x000000000800ac80                SD_disk_write
 .text.SD_disk_ioctl
                0x000000000800ad88      0x258 ./FATFS/Target/FATFS_SD.o
                0x000000000800ad88                SD_disk_ioctl
 .text.USER_initialize
                0x000000000800afe0       0x1c ./FATFS/Target/user_diskio.o
                0x000000000800afe0                USER_initialize
 .text.USER_status
                0x000000000800affc       0x1c ./FATFS/Target/user_diskio.o
                0x000000000800affc                USER_status
 .text.USER_read
                0x000000000800b018       0x26 ./FATFS/Target/user_diskio.o
                0x000000000800b018                USER_read
 .text.USER_write
                0x000000000800b03e       0x26 ./FATFS/Target/user_diskio.o
                0x000000000800b03e                USER_write
 .text.USER_ioctl
                0x000000000800b064       0x26 ./FATFS/Target/user_diskio.o
                0x000000000800b064                USER_ioctl
 .text.USBD_CDC_Init
                0x000000000800b08a       0xf4 ./Middlewares/ST/STM32_USB_Device_Library/Class/CDC/Src/usbd_cdc.o
 .text.USBD_CDC_DeInit
                0x000000000800b17e       0x6e ./Middlewares/ST/STM32_USB_Device_Library/Class/CDC/Src/usbd_cdc.o
 .text.USBD_CDC_Setup
                0x000000000800b1ec      0x146 ./Middlewares/ST/STM32_USB_Device_Library/Class/CDC/Src/usbd_cdc.o
 .text.USBD_CDC_DataIn
                0x000000000800b332       0xa6 ./Middlewares/ST/STM32_USB_Device_Library/Class/CDC/Src/usbd_cdc.o
 .text.USBD_CDC_DataOut
                0x000000000800b3d8       0x56 ./Middlewares/ST/STM32_USB_Device_Library/Class/CDC/Src/usbd_cdc.o
 .text.USBD_CDC_EP0_RxReady
                0x000000000800b42e       0x50 ./Middlewares/ST/STM32_USB_Device_Library/Class/CDC/Src/usbd_cdc.o
 *fill*         0x000000000800b47e        0x2 
 .text.USBD_CDC_GetFSCfgDesc
                0x000000000800b480       0x20 ./Middlewares/ST/STM32_USB_Device_Library/Class/CDC/Src/usbd_cdc.o
 .text.USBD_CDC_GetHSCfgDesc
                0x000000000800b4a0       0x20 ./Middlewares/ST/STM32_USB_Device_Library/Class/CDC/Src/usbd_cdc.o
 .text.USBD_CDC_GetOtherSpeedCfgDesc
                0x000000000800b4c0       0x20 ./Middlewares/ST/STM32_USB_Device_Library/Class/CDC/Src/usbd_cdc.o
 .text.USBD_CDC_GetDeviceQualifierDescriptor
                0x000000000800b4e0       0x20 ./Middlewares/ST/STM32_USB_Device_Library/Class/CDC/Src/usbd_cdc.o
                0x000000000800b4e0                USBD_CDC_GetDeviceQualifierDescriptor
 .text.USBD_CDC_RegisterInterface
                0x000000000800b500       0x2c ./Middlewares/ST/STM32_USB_Device_Library/Class/CDC/Src/usbd_cdc.o
                0x000000000800b500                USBD_CDC_RegisterInterface
 .text.USBD_CDC_SetTxBuffer
                0x000000000800b52c       0x32 ./Middlewares/ST/STM32_USB_Device_Library/Class/CDC/Src/usbd_cdc.o
                0x000000000800b52c                USBD_CDC_SetTxBuffer
 .text.USBD_CDC_SetRxBuffer
                0x000000000800b55e       0x26 ./Middlewares/ST/STM32_USB_Device_Library/Class/CDC/Src/usbd_cdc.o
                0x000000000800b55e                USBD_CDC_SetRxBuffer
 .text.USBD_CDC_ReceivePacket
                0x000000000800b584       0x54 ./Middlewares/ST/STM32_USB_Device_Library/Class/CDC/Src/usbd_cdc.o
                0x000000000800b584                USBD_CDC_ReceivePacket
 .text.USBD_Init
                0x000000000800b5d8       0x56 ./Middlewares/ST/STM32_USB_Device_Library/Core/Src/usbd_core.o
                0x000000000800b5d8                USBD_Init
 .text.USBD_RegisterClass
                0x000000000800b62e       0x32 ./Middlewares/ST/STM32_USB_Device_Library/Core/Src/usbd_core.o
                0x000000000800b62e                USBD_RegisterClass
 .text.USBD_Start
                0x000000000800b660       0x18 ./Middlewares/ST/STM32_USB_Device_Library/Core/Src/usbd_core.o
                0x000000000800b660                USBD_Start
 .text.USBD_RunTestMode
                0x000000000800b678       0x14 ./Middlewares/ST/STM32_USB_Device_Library/Core/Src/usbd_core.o
                0x000000000800b678                USBD_RunTestMode
 .text.USBD_SetClassConfig
                0x000000000800b68c       0x3e ./Middlewares/ST/STM32_USB_Device_Library/Core/Src/usbd_core.o
                0x000000000800b68c                USBD_SetClassConfig
 .text.USBD_ClrClassConfig
                0x000000000800b6ca       0x26 ./Middlewares/ST/STM32_USB_Device_Library/Core/Src/usbd_core.o
                0x000000000800b6ca                USBD_ClrClassConfig
 .text.USBD_LL_SetupStage
                0x000000000800b6f0       0x9a ./Middlewares/ST/STM32_USB_Device_Library/Core/Src/usbd_core.o
                0x000000000800b6f0                USBD_LL_SetupStage
 .text.USBD_LL_DataOutStage
                0x000000000800b78a       0xe2 ./Middlewares/ST/STM32_USB_Device_Library/Core/Src/usbd_core.o
                0x000000000800b78a                USBD_LL_DataOutStage
 .text.USBD_LL_DataInStage
                0x000000000800b86c      0x14a ./Middlewares/ST/STM32_USB_Device_Library/Core/Src/usbd_core.o
                0x000000000800b86c                USBD_LL_DataInStage
 .text.USBD_LL_Reset
                0x000000000800b9b6       0x82 ./Middlewares/ST/STM32_USB_Device_Library/Core/Src/usbd_core.o
                0x000000000800b9b6                USBD_LL_Reset
 .text.USBD_LL_SetSpeed
                0x000000000800ba38       0x1e ./Middlewares/ST/STM32_USB_Device_Library/Core/Src/usbd_core.o
                0x000000000800ba38                USBD_LL_SetSpeed
 .text.USBD_LL_Suspend
                0x000000000800ba56       0x28 ./Middlewares/ST/STM32_USB_Device_Library/Core/Src/usbd_core.o
                0x000000000800ba56                USBD_LL_Suspend
 .text.USBD_LL_Resume
                0x000000000800ba7e       0x2a ./Middlewares/ST/STM32_USB_Device_Library/Core/Src/usbd_core.o
                0x000000000800ba7e                USBD_LL_Resume
 .text.USBD_LL_SOF
                0x000000000800baa8       0x34 ./Middlewares/ST/STM32_USB_Device_Library/Core/Src/usbd_core.o
                0x000000000800baa8                USBD_LL_SOF
 .text.USBD_StdDevReq
                0x000000000800badc       0xd4 ./Middlewares/ST/STM32_USB_Device_Library/Core/Src/usbd_ctlreq.o
                0x000000000800badc                USBD_StdDevReq
 .text.USBD_StdItfReq
                0x000000000800bbb0       0x90 ./Middlewares/ST/STM32_USB_Device_Library/Core/Src/usbd_ctlreq.o
                0x000000000800bbb0                USBD_StdItfReq
 .text.USBD_StdEPReq
                0x000000000800bc40      0x2c6 ./Middlewares/ST/STM32_USB_Device_Library/Core/Src/usbd_ctlreq.o
                0x000000000800bc40                USBD_StdEPReq
 *fill*         0x000000000800bf06        0x2 
 .text.USBD_GetDescriptor
                0x000000000800bf08      0x2d0 ./Middlewares/ST/STM32_USB_Device_Library/Core/Src/usbd_ctlreq.o
 .text.USBD_SetAddress
                0x000000000800c1d8       0x86 ./Middlewares/ST/STM32_USB_Device_Library/Core/Src/usbd_ctlreq.o
 *fill*         0x000000000800c25e        0x2 
 .text.USBD_SetConfig
                0x000000000800c260      0x11c ./Middlewares/ST/STM32_USB_Device_Library/Core/Src/usbd_ctlreq.o
 .text.USBD_GetConfig
                0x000000000800c37c       0x6a ./Middlewares/ST/STM32_USB_Device_Library/Core/Src/usbd_ctlreq.o
 .text.USBD_GetStatus
                0x000000000800c3e6       0x66 ./Middlewares/ST/STM32_USB_Device_Library/Core/Src/usbd_ctlreq.o
 .text.USBD_SetFeature
                0x000000000800c44c       0x28 ./Middlewares/ST/STM32_USB_Device_Library/Core/Src/usbd_ctlreq.o
 .text.USBD_ClrFeature
                0x000000000800c474       0x42 ./Middlewares/ST/STM32_USB_Device_Library/Core/Src/usbd_ctlreq.o
 .text.USBD_ParseSetupRequest
                0x000000000800c4b6       0x78 ./Middlewares/ST/STM32_USB_Device_Library/Core/Src/usbd_ctlreq.o
                0x000000000800c4b6                USBD_ParseSetupRequest
 .text.USBD_CtlError
                0x000000000800c52e       0x22 ./Middlewares/ST/STM32_USB_Device_Library/Core/Src/usbd_ctlreq.o
                0x000000000800c52e                USBD_CtlError
 .text.USBD_GetString
                0x000000000800c550       0x84 ./Middlewares/ST/STM32_USB_Device_Library/Core/Src/usbd_ctlreq.o
                0x000000000800c550                USBD_GetString
 .text.USBD_GetLen
                0x000000000800c5d4       0x2e ./Middlewares/ST/STM32_USB_Device_Library/Core/Src/usbd_ctlreq.o
 .text.USBD_CtlSendData
                0x000000000800c602       0x38 ./Middlewares/ST/STM32_USB_Device_Library/Core/Src/usbd_ioreq.o
                0x000000000800c602                USBD_CtlSendData
 .text.USBD_CtlContinueSendData
                0x000000000800c63a       0x24 ./Middlewares/ST/STM32_USB_Device_Library/Core/Src/usbd_ioreq.o
                0x000000000800c63a                USBD_CtlContinueSendData
 .text.USBD_CtlPrepareRx
                0x000000000800c65e       0x3c ./Middlewares/ST/STM32_USB_Device_Library/Core/Src/usbd_ioreq.o
                0x000000000800c65e                USBD_CtlPrepareRx
 .text.USBD_CtlContinueRx
                0x000000000800c69a       0x24 ./Middlewares/ST/STM32_USB_Device_Library/Core/Src/usbd_ioreq.o
                0x000000000800c69a                USBD_CtlContinueRx
 .text.USBD_CtlSendStatus
                0x000000000800c6be       0x26 ./Middlewares/ST/STM32_USB_Device_Library/Core/Src/usbd_ioreq.o
                0x000000000800c6be                USBD_CtlSendStatus
 .text.USBD_CtlReceiveStatus
                0x000000000800c6e4       0x26 ./Middlewares/ST/STM32_USB_Device_Library/Core/Src/usbd_ioreq.o
                0x000000000800c6e4                USBD_CtlReceiveStatus
 *fill*         0x000000000800c70a        0x2 
 .text.FATFS_LinkDriverEx
                0x000000000800c70c       0x94 ./Middlewares/Third_Party/FatFs/src/ff_gen_drv.o
                0x000000000800c70c                FATFS_LinkDriverEx
 .text.FATFS_LinkDriver
                0x000000000800c7a0       0x1e ./Middlewares/Third_Party/FatFs/src/ff_gen_drv.o
                0x000000000800c7a0                FATFS_LinkDriver
 *fill*         0x000000000800c7be        0x2 
 .text.MX_USB_DEVICE_Init
                0x000000000800c7c0       0x60 ./USB_DEVICE/App/usb_device.o
                0x000000000800c7c0                MX_USB_DEVICE_Init
 .text.CDC_Init_FS
                0x000000000800c820       0x28 ./USB_DEVICE/App/usbd_cdc_if.o
 .text.CDC_DeInit_FS
                0x000000000800c848        0xe ./USB_DEVICE/App/usbd_cdc_if.o
 *fill*         0x000000000800c856        0x2 
 .text.CDC_Control_FS
                0x000000000800c858       0xbc ./USB_DEVICE/App/usbd_cdc_if.o
 .text.CDC_Receive_FS
                0x000000000800c914       0x28 ./USB_DEVICE/App/usbd_cdc_if.o
 .text.USBD_FS_DeviceDescriptor
                0x000000000800c93c       0x24 ./USB_DEVICE/App/usbd_desc.o
                0x000000000800c93c                USBD_FS_DeviceDescriptor
 .text.USBD_FS_LangIDStrDescriptor
                0x000000000800c960       0x24 ./USB_DEVICE/App/usbd_desc.o
                0x000000000800c960                USBD_FS_LangIDStrDescriptor
 .text.USBD_FS_ProductStrDescriptor
                0x000000000800c984       0x3c ./USB_DEVICE/App/usbd_desc.o
                0x000000000800c984                USBD_FS_ProductStrDescriptor
 .text.USBD_FS_ManufacturerStrDescriptor
                0x000000000800c9c0       0x28 ./USB_DEVICE/App/usbd_desc.o
                0x000000000800c9c0                USBD_FS_ManufacturerStrDescriptor
 .text.USBD_FS_SerialStrDescriptor
                0x000000000800c9e8       0x24 ./USB_DEVICE/App/usbd_desc.o
                0x000000000800c9e8                USBD_FS_SerialStrDescriptor
 .text.USBD_FS_ConfigStrDescriptor
                0x000000000800ca0c       0x3c ./USB_DEVICE/App/usbd_desc.o
                0x000000000800ca0c                USBD_FS_ConfigStrDescriptor
 .text.USBD_FS_InterfaceStrDescriptor
                0x000000000800ca48       0x3c ./USB_DEVICE/App/usbd_desc.o
                0x000000000800ca48                USBD_FS_InterfaceStrDescriptor
 .text.Get_SerialNum
                0x000000000800ca84       0x58 ./USB_DEVICE/App/usbd_desc.o
 .text.IntToUnicode
                0x000000000800cadc       0x7c ./USB_DEVICE/App/usbd_desc.o
 .text.HAL_PCD_MspInit
                0x000000000800cb58       0x4c ./USB_DEVICE/Target/usbd_conf.o
                0x000000000800cb58                HAL_PCD_MspInit
 .text.HAL_PCD_SetupStageCallback
                0x000000000800cba4       0x24 ./USB_DEVICE/Target/usbd_conf.o
                0x000000000800cba4                HAL_PCD_SetupStageCallback
 .text.HAL_PCD_DataOutStageCallback
                0x000000000800cbc8       0x36 ./USB_DEVICE/Target/usbd_conf.o
                0x000000000800cbc8                HAL_PCD_DataOutStageCallback
 .text.HAL_PCD_DataInStageCallback
                0x000000000800cbfe       0x34 ./USB_DEVICE/Target/usbd_conf.o
                0x000000000800cbfe                HAL_PCD_DataInStageCallback
 .text.HAL_PCD_SOFCallback
                0x000000000800cc32       0x1c ./USB_DEVICE/Target/usbd_conf.o
                0x000000000800cc32                HAL_PCD_SOFCallback
 .text.HAL_PCD_ResetCallback
                0x000000000800cc4e       0x3c ./USB_DEVICE/Target/usbd_conf.o
                0x000000000800cc4e                HAL_PCD_ResetCallback
 *fill*         0x000000000800cc8a        0x2 
 .text.HAL_PCD_SuspendCallback
                0x000000000800cc8c       0x34 ./USB_DEVICE/Target/usbd_conf.o
                0x000000000800cc8c                HAL_PCD_SuspendCallback
 .text.HAL_PCD_ResumeCallback
                0x000000000800ccc0       0x1c ./USB_DEVICE/Target/usbd_conf.o
                0x000000000800ccc0                HAL_PCD_ResumeCallback
 .text.USBD_LL_Init
                0x000000000800ccdc       0xb4 ./USB_DEVICE/Target/usbd_conf.o
                0x000000000800ccdc                USBD_LL_Init
 .text.USBD_LL_Start
                0x000000000800cd90       0x36 ./USB_DEVICE/Target/usbd_conf.o
                0x000000000800cd90                USBD_LL_Start
 .text.USBD_LL_OpenEP
                0x000000000800cdc6       0x4c ./USB_DEVICE/Target/usbd_conf.o
                0x000000000800cdc6                USBD_LL_OpenEP
 .text.USBD_LL_CloseEP
                0x000000000800ce12       0x3e ./USB_DEVICE/Target/usbd_conf.o
                0x000000000800ce12                USBD_LL_CloseEP
 .text.USBD_LL_StallEP
                0x000000000800ce50       0x3e ./USB_DEVICE/Target/usbd_conf.o
                0x000000000800ce50                USBD_LL_StallEP
 .text.USBD_LL_ClearStallEP
                0x000000000800ce8e       0x3e ./USB_DEVICE/Target/usbd_conf.o
                0x000000000800ce8e                USBD_LL_ClearStallEP
 .text.USBD_LL_IsStallEP
                0x000000000800cecc       0x56 ./USB_DEVICE/Target/usbd_conf.o
                0x000000000800cecc                USBD_LL_IsStallEP
 .text.USBD_LL_SetUSBAddress
                0x000000000800cf22       0x3e ./USB_DEVICE/Target/usbd_conf.o
                0x000000000800cf22                USBD_LL_SetUSBAddress
 .text.USBD_LL_Transmit
                0x000000000800cf60       0x46 ./USB_DEVICE/Target/usbd_conf.o
                0x000000000800cf60                USBD_LL_Transmit
 .text.USBD_LL_PrepareReceive
                0x000000000800cfa6       0x46 ./USB_DEVICE/Target/usbd_conf.o
                0x000000000800cfa6                USBD_LL_PrepareReceive
 .text.USBD_LL_GetRxDataSize
                0x000000000800cfec       0x26 ./USB_DEVICE/Target/usbd_conf.o
                0x000000000800cfec                USBD_LL_GetRxDataSize
 *fill*         0x000000000800d012        0x2 
 .text.USBD_static_malloc
                0x000000000800d014       0x18 ./USB_DEVICE/Target/usbd_conf.o
                0x000000000800d014                USBD_static_malloc
 .text.USBD_static_free
                0x000000000800d02c       0x12 ./USB_DEVICE/Target/usbd_conf.o
                0x000000000800d02c                USBD_static_free
 .text.HAL_PCDEx_SetConnectionState
                0x000000000800d03e       0x16 ./USB_DEVICE/Target/usbd_conf.o
                0x000000000800d03e                HAL_PCDEx_SetConnectionState
 .text.USBD_Get_USB_Status
                0x000000000800d054       0x58 ./USB_DEVICE/Target/usbd_conf.o
 .text.sprintf  0x000000000800d0ac       0x40 C:/ST/STM32CubeIDE_1.14.0/STM32CubeIDE/plugins/com.st.stm32cube.ide.mcu.externaltools.gnu-tools-for-stm32.11.3.rel1.win32_1.1.100.202309141235/tools/bin/../lib/gcc/arm-none-eabi/11.3.1/../../../../arm-none-eabi/lib/thumb/v7-m/nofp\libc_nano.a(libc_a-sprintf.o)
                0x000000000800d0ac                siprintf
                0x000000000800d0ac                sprintf
 .text.memset   0x000000000800d0ec       0x10 C:/ST/STM32CubeIDE_1.14.0/STM32CubeIDE/plugins/com.st.stm32cube.ide.mcu.externaltools.gnu-tools-for-stm32.11.3.rel1.win32_1.1.100.202309141235/tools/bin/../lib/gcc/arm-none-eabi/11.3.1/../../../../arm-none-eabi/lib/thumb/v7-m/nofp\libc_nano.a(libc_a-memset.o)
                0x000000000800d0ec                memset
 .text.__errno  0x000000000800d0fc        0xc C:/ST/STM32CubeIDE_1.14.0/STM32CubeIDE/plugins/com.st.stm32cube.ide.mcu.externaltools.gnu-tools-for-stm32.11.3.rel1.win32_1.1.100.202309141235/tools/bin/../lib/gcc/arm-none-eabi/11.3.1/../../../../arm-none-eabi/lib/thumb/v7-m/nofp\libc_nano.a(libc_a-errno.o)
                0x000000000800d0fc                __errno
 .text.__libc_init_array
                0x000000000800d108       0x48 C:/ST/STM32CubeIDE_1.14.0/STM32CubeIDE/plugins/com.st.stm32cube.ide.mcu.externaltools.gnu-tools-for-stm32.11.3.rel1.win32_1.1.100.202309141235/tools/bin/../lib/gcc/arm-none-eabi/11.3.1/../../../../arm-none-eabi/lib/thumb/v7-m/nofp\libc_nano.a(libc_a-init.o)
                0x000000000800d108                __libc_init_array
 .text.__retarget_lock_acquire_recursive
                0x000000000800d150        0x2 C:/ST/STM32CubeIDE_1.14.0/STM32CubeIDE/plugins/com.st.stm32cube.ide.mcu.externaltools.gnu-tools-for-stm32.11.3.rel1.win32_1.1.100.202309141235/tools/bin/../lib/gcc/arm-none-eabi/11.3.1/../../../../arm-none-eabi/lib/thumb/v7-m/nofp\libc_nano.a(libc_a-lock.o)
                0x000000000800d150                __retarget_lock_acquire_recursive
 .text.__retarget_lock_release_recursive
                0x000000000800d152        0x2 C:/ST/STM32CubeIDE_1.14.0/STM32CubeIDE/plugins/com.st.stm32cube.ide.mcu.externaltools.gnu-tools-for-stm32.11.3.rel1.win32_1.1.100.202309141235/tools/bin/../lib/gcc/arm-none-eabi/11.3.1/../../../../arm-none-eabi/lib/thumb/v7-m/nofp\libc_nano.a(libc_a-lock.o)
                0x000000000800d152                __retarget_lock_release_recursive
 .text._free_r  0x000000000800d154       0x90 C:/ST/STM32CubeIDE_1.14.0/STM32CubeIDE/plugins/com.st.stm32cube.ide.mcu.externaltools.gnu-tools-for-stm32.11.3.rel1.win32_1.1.100.202309141235/tools/bin/../lib/gcc/arm-none-eabi/11.3.1/../../../../arm-none-eabi/lib/thumb/v7-m/nofp\libc_nano.a(libc_a-freer.o)
                0x000000000800d154                _free_r
 .text.sbrk_aligned
                0x000000000800d1e4       0x40 C:/ST/STM32CubeIDE_1.14.0/STM32CubeIDE/plugins/com.st.stm32cube.ide.mcu.externaltools.gnu-tools-for-stm32.11.3.rel1.win32_1.1.100.202309141235/tools/bin/../lib/gcc/arm-none-eabi/11.3.1/../../../../arm-none-eabi/lib/thumb/v7-m/nofp\libc_nano.a(libc_a-mallocr.o)
 .text._malloc_r
                0x000000000800d224      0x100 C:/ST/STM32CubeIDE_1.14.0/STM32CubeIDE/plugins/com.st.stm32cube.ide.mcu.externaltools.gnu-tools-for-stm32.11.3.rel1.win32_1.1.100.202309141235/tools/bin/../lib/gcc/arm-none-eabi/11.3.1/../../../../arm-none-eabi/lib/thumb/v7-m/nofp\libc_nano.a(libc_a-mallocr.o)
                0x000000000800d224                _malloc_r
 .text.__malloc_lock
                0x000000000800d324        0xc C:/ST/STM32CubeIDE_1.14.0/STM32CubeIDE/plugins/com.st.stm32cube.ide.mcu.externaltools.gnu-tools-for-stm32.11.3.rel1.win32_1.1.100.202309141235/tools/bin/../lib/gcc/arm-none-eabi/11.3.1/../../../../arm-none-eabi/lib/thumb/v7-m/nofp\libc_nano.a(libc_a-mlock.o)
                0x000000000800d324                __malloc_lock
 .text.__malloc_unlock
                0x000000000800d330        0xc C:/ST/STM32CubeIDE_1.14.0/STM32CubeIDE/plugins/com.st.stm32cube.ide.mcu.externaltools.gnu-tools-for-stm32.11.3.rel1.win32_1.1.100.202309141235/tools/bin/../lib/gcc/arm-none-eabi/11.3.1/../../../../arm-none-eabi/lib/thumb/v7-m/nofp\libc_nano.a(libc_a-mlock.o)
                0x000000000800d330                __malloc_unlock
 .text.__ssputs_r
                0x000000000800d33c       0xb4 C:/ST/STM32CubeIDE_1.14.0/STM32CubeIDE/plugins/com.st.stm32cube.ide.mcu.externaltools.gnu-tools-for-stm32.11.3.rel1.win32_1.1.100.202309141235/tools/bin/../lib/gcc/arm-none-eabi/11.3.1/../../../../arm-none-eabi/lib/thumb/v7-m/nofp\libc_nano.a(libc_a-nano-svfprintf.o)
                0x000000000800d33c                __ssputs_r
 .text._svfprintf_r
                0x000000000800d3f0      0x1fc C:/ST/STM32CubeIDE_1.14.0/STM32CubeIDE/plugins/com.st.stm32cube.ide.mcu.externaltools.gnu-tools-for-stm32.11.3.rel1.win32_1.1.100.202309141235/tools/bin/../lib/gcc/arm-none-eabi/11.3.1/../../../../arm-none-eabi/lib/thumb/v7-m/nofp\libc_nano.a(libc_a-nano-svfprintf.o)
                0x000000000800d3f0                _svfiprintf_r
                0x000000000800d3f0                _svfprintf_r
 .text._printf_common
                0x000000000800d5ec       0xe4 C:/ST/STM32CubeIDE_1.14.0/STM32CubeIDE/plugins/com.st.stm32cube.ide.mcu.externaltools.gnu-tools-for-stm32.11.3.rel1.win32_1.1.100.202309141235/tools/bin/../lib/gcc/arm-none-eabi/11.3.1/../../../../arm-none-eabi/lib/thumb/v7-m/nofp\libc_nano.a(libc_a-nano-vfprintf_i.o)
                0x000000000800d5ec                _printf_common
 .text._printf_i
                0x000000000800d6d0      0x244 C:/ST/STM32CubeIDE_1.14.0/STM32CubeIDE/plugins/com.st.stm32cube.ide.mcu.externaltools.gnu-tools-for-stm32.11.3.rel1.win32_1.1.100.202309141235/tools/bin/../lib/gcc/arm-none-eabi/11.3.1/../../../../arm-none-eabi/lib/thumb/v7-m/nofp\libc_nano.a(libc_a-nano-vfprintf_i.o)
                0x000000000800d6d0                _printf_i
 .text.memmove  0x000000000800d914       0x34 C:/ST/STM32CubeIDE_1.14.0/STM32CubeIDE/plugins/com.st.stm32cube.ide.mcu.externaltools.gnu-tools-for-stm32.11.3.rel1.win32_1.1.100.202309141235/tools/bin/../lib/gcc/arm-none-eabi/11.3.1/../../../../arm-none-eabi/lib/thumb/v7-m/nofp\libc_nano.a(libc_a-memmove.o)
                0x000000000800d914                memmove
 .text._sbrk_r  0x000000000800d948       0x20 C:/ST/STM32CubeIDE_1.14.0/STM32CubeIDE/plugins/com.st.stm32cube.ide.mcu.externaltools.gnu-tools-for-stm32.11.3.rel1.win32_1.1.100.202309141235/tools/bin/../lib/gcc/arm-none-eabi/11.3.1/../../../../arm-none-eabi/lib/thumb/v7-m/nofp\libc_nano.a(libc_a-sbrkr.o)
                0x000000000800d948                _sbrk_r
 .text.memchr   0x000000000800d968       0x1c C:/ST/STM32CubeIDE_1.14.0/STM32CubeIDE/plugins/com.st.stm32cube.ide.mcu.externaltools.gnu-tools-for-stm32.11.3.rel1.win32_1.1.100.202309141235/tools/bin/../lib/gcc/arm-none-eabi/11.3.1/../../../../arm-none-eabi/lib/thumb/v7-m/nofp\libc_nano.a(libc_a-memchr-stub.o)
                0x000000000800d968                memchr
 .text.memcpy   0x000000000800d984       0x1c C:/ST/STM32CubeIDE_1.14.0/STM32CubeIDE/plugins/com.st.stm32cube.ide.mcu.externaltools.gnu-tools-for-stm32.11.3.rel1.win32_1.1.100.202309141235/tools/bin/../lib/gcc/arm-none-eabi/11.3.1/../../../../arm-none-eabi/lib/thumb/v7-m/nofp\libc_nano.a(libc_a-memcpy-stub.o)
                0x000000000800d984                memcpy
 .text._realloc_r
                0x000000000800d9a0       0x5e C:/ST/STM32CubeIDE_1.14.0/STM32CubeIDE/plugins/com.st.stm32cube.ide.mcu.externaltools.gnu-tools-for-stm32.11.3.rel1.win32_1.1.100.202309141235/tools/bin/../lib/gcc/arm-none-eabi/11.3.1/../../../../arm-none-eabi/lib/thumb/v7-m/nofp\libc_nano.a(libc_a-reallocr.o)
                0x000000000800d9a0                _realloc_r
 .text._malloc_usable_size_r
                0x000000000800d9fe       0x10 C:/ST/STM32CubeIDE_1.14.0/STM32CubeIDE/plugins/com.st.stm32cube.ide.mcu.externaltools.gnu-tools-for-stm32.11.3.rel1.win32_1.1.100.202309141235/tools/bin/../lib/gcc/arm-none-eabi/11.3.1/../../../../arm-none-eabi/lib/thumb/v7-m/nofp\libc_nano.a(libc_a-msizer.o)
                0x000000000800d9fe                _malloc_usable_size_r
 *(.glue_7)
 .glue_7        0x000000000800da0e        0x0 linker stubs
 *(.glue_7t)
 .glue_7t       0x000000000800da0e        0x0 linker stubs
 *(.eh_frame)
 *fill*         0x000000000800da0e        0x2 
 .eh_frame      0x000000000800da10        0x0 C:/ST/STM32CubeIDE_1.14.0/STM32CubeIDE/plugins/com.st.stm32cube.ide.mcu.externaltools.gnu-tools-for-stm32.11.3.rel1.win32_1.1.100.202309141235/tools/bin/../lib/gcc/arm-none-eabi/11.3.1/thumb/v7-m/nofp/crtbegin.o
 *(.init)
 .init          0x000000000800da10        0x4 C:/ST/STM32CubeIDE_1.14.0/STM32CubeIDE/plugins/com.st.stm32cube.ide.mcu.externaltools.gnu-tools-for-stm32.11.3.rel1.win32_1.1.100.202309141235/tools/bin/../lib/gcc/arm-none-eabi/11.3.1/thumb/v7-m/nofp/crti.o
                0x000000000800da10                _init
 .init          0x000000000800da14        0x8 C:/ST/STM32CubeIDE_1.14.0/STM32CubeIDE/plugins/com.st.stm32cube.ide.mcu.externaltools.gnu-tools-for-stm32.11.3.rel1.win32_1.1.100.202309141235/tools/bin/../lib/gcc/arm-none-eabi/11.3.1/thumb/v7-m/nofp/crtn.o
 *(.fini)
 .fini          0x000000000800da1c        0x4 C:/ST/STM32CubeIDE_1.14.0/STM32CubeIDE/plugins/com.st.stm32cube.ide.mcu.externaltools.gnu-tools-for-stm32.11.3.rel1.win32_1.1.100.202309141235/tools/bin/../lib/gcc/arm-none-eabi/11.3.1/thumb/v7-m/nofp/crti.o
                0x000000000800da1c                _fini
 .fini          0x000000000800da20        0x8 C:/ST/STM32CubeIDE_1.14.0/STM32CubeIDE/plugins/com.st.stm32cube.ide.mcu.externaltools.gnu-tools-for-stm32.11.3.rel1.win32_1.1.100.202309141235/tools/bin/../lib/gcc/arm-none-eabi/11.3.1/thumb/v7-m/nofp/crtn.o
                0x000000000800da28                . = ALIGN (0x4)
                0x000000000800da28                _etext = .

.vfp11_veneer   0x000000000800da28        0x0
 .vfp11_veneer  0x000000000800da28        0x0 linker stubs

.v4_bx          0x000000000800da28        0x0
 .v4_bx         0x000000000800da28        0x0 linker stubs

.iplt           0x000000000800da28        0x0
 .iplt          0x000000000800da28        0x0 C:/ST/STM32CubeIDE_1.14.0/STM32CubeIDE/plugins/com.st.stm32cube.ide.mcu.externaltools.gnu-tools-for-stm32.11.3.rel1.win32_1.1.100.202309141235/tools/bin/../lib/gcc/arm-none-eabi/11.3.1/thumb/v7-m/nofp/crtbegin.o

.rodata         0x000000000800da28      0x198
                0x000000000800da28                . = ALIGN (0x4)
 *(.rodata)
 .rodata        0x000000000800da28       0xdc ./Core/Src/main.o
 .rodata        0x000000000800db04       0x46 ./USB_DEVICE/App/usbd_desc.o
 *(.rodata*)
 *fill*         0x000000000800db4a        0x2 
 .rodata.AHBPrescTable
                0x000000000800db4c       0x10 ./Core/Src/system_stm32f1xx.o
                0x000000000800db4c                AHBPrescTable
 .rodata.APBPrescTable
                0x000000000800db5c        0x8 ./Core/Src/system_stm32f1xx.o
                0x000000000800db5c                APBPrescTable
 .rodata.aPLLMULFactorTable.1
                0x000000000800db64       0x10 ./Drivers/STM32F1xx_HAL_Driver/Src/stm32f1xx_hal_rcc.o
 .rodata.aPredivFactorTable.0
                0x000000000800db74        0x2 ./Drivers/STM32F1xx_HAL_Driver/Src/stm32f1xx_hal_rcc.o
 *fill*         0x000000000800db76        0x2 
 .rodata.aPLLMULFactorTable.1
                0x000000000800db78       0x10 ./Drivers/STM32F1xx_HAL_Driver/Src/stm32f1xx_hal_rcc_ex.o
 .rodata.aPredivFactorTable.0
                0x000000000800db88        0x2 ./Drivers/STM32F1xx_HAL_Driver/Src/stm32f1xx_hal_rcc_ex.o
 .rodata._svfprintf_r.str1.1
                0x000000000800db8a       0x11 C:/ST/STM32CubeIDE_1.14.0/STM32CubeIDE/plugins/com.st.stm32cube.ide.mcu.externaltools.gnu-tools-for-stm32.11.3.rel1.win32_1.1.100.202309141235/tools/bin/../lib/gcc/arm-none-eabi/11.3.1/../../../../arm-none-eabi/lib/thumb/v7-m/nofp\libc_nano.a(libc_a-nano-svfprintf.o)
 .rodata._printf_i.str1.1
                0x000000000800db9b       0x22 C:/ST/STM32CubeIDE_1.14.0/STM32CubeIDE/plugins/com.st.stm32cube.ide.mcu.externaltools.gnu-tools-for-stm32.11.3.rel1.win32_1.1.100.202309141235/tools/bin/../lib/gcc/arm-none-eabi/11.3.1/../../../../arm-none-eabi/lib/thumb/v7-m/nofp\libc_nano.a(libc_a-nano-vfprintf_i.o)
                0x000000000800dbc0                . = ALIGN (0x4)
 *fill*         0x000000000800dbbd        0x3 

.rel.dyn        0x000000000800dbc0        0x0
 .rel.iplt      0x000000000800dbc0        0x0 C:/ST/STM32CubeIDE_1.14.0/STM32CubeIDE/plugins/com.st.stm32cube.ide.mcu.externaltools.gnu-tools-for-stm32.11.3.rel1.win32_1.1.100.202309141235/tools/bin/../lib/gcc/arm-none-eabi/11.3.1/thumb/v7-m/nofp/crtbegin.o

.ARM.extab      0x000000000800dbc0        0x0
                0x000000000800dbc0                . = ALIGN (0x4)
 *(.ARM.extab* .gnu.linkonce.armextab.*)
                0x000000000800dbc0                . = ALIGN (0x4)

.ARM            0x000000000800dbc0        0x0
                0x000000000800dbc0                . = ALIGN (0x4)
                0x000000000800dbc0                __exidx_start = .
 *(.ARM.exidx*)
                0x000000000800dbc0                __exidx_end = .
                0x000000000800dbc0                . = ALIGN (0x4)

.preinit_array  0x000000000800dbc0        0x0
                0x000000000800dbc0                . = ALIGN (0x4)
                0x000000000800dbc0                PROVIDE (__preinit_array_start = .)
 *(.preinit_array*)
                0x000000000800dbc0                PROVIDE (__preinit_array_end = .)
                0x000000000800dbc0                . = ALIGN (0x4)

.init_array     0x000000000800dbc0        0x4
                0x000000000800dbc0                . = ALIGN (0x4)
                0x000000000800dbc0                PROVIDE (__init_array_start = .)
 *(SORT_BY_NAME(.init_array.*))
 *(.init_array*)
 .init_array    0x000000000800dbc0        0x4 C:/ST/STM32CubeIDE_1.14.0/STM32CubeIDE/plugins/com.st.stm32cube.ide.mcu.externaltools.gnu-tools-for-stm32.11.3.rel1.win32_1.1.100.202309141235/tools/bin/../lib/gcc/arm-none-eabi/11.3.1/thumb/v7-m/nofp/crtbegin.o
                0x000000000800dbc4                PROVIDE (__init_array_end = .)
                0x000000000800dbc4                . = ALIGN (0x4)

.fini_array     0x000000000800dbc4        0x4
                0x000000000800dbc4                . = ALIGN (0x4)
                [!provide]                        PROVIDE (__fini_array_start = .)
 *(SORT_BY_NAME(.fini_array.*))
 *(.fini_array*)
 .fini_array    0x000000000800dbc4        0x4 C:/ST/STM32CubeIDE_1.14.0/STM32CubeIDE/plugins/com.st.stm32cube.ide.mcu.externaltools.gnu-tools-for-stm32.11.3.rel1.win32_1.1.100.202309141235/tools/bin/../lib/gcc/arm-none-eabi/11.3.1/thumb/v7-m/nofp/crtbegin.o
                [!provide]                        PROVIDE (__fini_array_end = .)
                0x000000000800dbc8                . = ALIGN (0x4)
                0x000000000800dbc8                _sidata = LOADADDR (.data)

.data           0x0000000020000000      0x1e0 load address 0x000000000800dbc8
                0x0000000020000000                . = ALIGN (0x4)
                0x0000000020000000                _sdata = .
 *(.data)
 *(.data*)
 .data.SystemCoreClock
                0x0000000020000000        0x4 ./Core/Src/system_stm32f1xx.o
                0x0000000020000000                SystemCoreClock
 .data.uwTickPrio
                0x0000000020000004        0x4 ./Drivers/STM32F1xx_HAL_Driver/Src/stm32f1xx_hal.o
                0x0000000020000004                uwTickPrio
 .data.uwTickFreq
                0x0000000020000008        0x1 ./Drivers/STM32F1xx_HAL_Driver/Src/stm32f1xx_hal.o
                0x0000000020000008                uwTickFreq
 .data.Stat     0x0000000020000009        0x1 ./FATFS/Target/FATFS_SD.o
 *fill*         0x000000002000000a        0x2 
 .data.USER_Driver
                0x000000002000000c       0x14 ./FATFS/Target/user_diskio.o
                0x000000002000000c                USER_Driver
 .data.USBD_CDC_DeviceQualifierDesc
                0x0000000020000020        0xa ./Middlewares/ST/STM32_USB_Device_Library/Class/CDC/Src/usbd_cdc.o
 *fill*         0x000000002000002a        0x2 
 .data.USBD_CDC
                0x000000002000002c       0x38 ./Middlewares/ST/STM32_USB_Device_Library/Class/CDC/Src/usbd_cdc.o
                0x000000002000002c                USBD_CDC
 .data.USBD_CDC_CfgHSDesc
                0x0000000020000064       0x43 ./Middlewares/ST/STM32_USB_Device_Library/Class/CDC/Src/usbd_cdc.o
                0x0000000020000064                USBD_CDC_CfgHSDesc
 *fill*         0x00000000200000a7        0x1 
 .data.USBD_CDC_CfgFSDesc
                0x00000000200000a8       0x43 ./Middlewares/ST/STM32_USB_Device_Library/Class/CDC/Src/usbd_cdc.o
                0x00000000200000a8                USBD_CDC_CfgFSDesc
 *fill*         0x00000000200000eb        0x1 
 .data.USBD_CDC_OtherSpeedCfgDesc
                0x00000000200000ec       0x43 ./Middlewares/ST/STM32_USB_Device_Library/Class/CDC/Src/usbd_cdc.o
                0x00000000200000ec                USBD_CDC_OtherSpeedCfgDesc
 *fill*         0x000000002000012f        0x1 
 .data.USBD_Interface_fops_FS
                0x0000000020000130       0x10 ./USB_DEVICE/App/usbd_cdc_if.o
                0x0000000020000130                USBD_Interface_fops_FS
 .data.FS_Desc  0x0000000020000140       0x1c ./USB_DEVICE/App/usbd_desc.o
                0x0000000020000140                FS_Desc
 .data.USBD_FS_DeviceDesc
                0x000000002000015c       0x12 ./USB_DEVICE/App/usbd_desc.o
                0x000000002000015c                USBD_FS_DeviceDesc
 *fill*         0x000000002000016e        0x2 
 .data.USBD_LangIDDesc
                0x0000000020000170        0x4 ./USB_DEVICE/App/usbd_desc.o
                0x0000000020000170                USBD_LangIDDesc
 .data.USBD_StringSerial
                0x0000000020000174       0x1a ./USB_DEVICE/App/usbd_desc.o
                0x0000000020000174                USBD_StringSerial
 *fill*         0x000000002000018e        0x2 
 .data._impure_data
                0x0000000020000190       0x4c C:/ST/STM32CubeIDE_1.14.0/STM32CubeIDE/plugins/com.st.stm32cube.ide.mcu.externaltools.gnu-tools-for-stm32.11.3.rel1.win32_1.1.100.202309141235/tools/bin/../lib/gcc/arm-none-eabi/11.3.1/../../../../arm-none-eabi/lib/thumb/v7-m/nofp\libc_nano.a(libc_a-impure.o)
                0x0000000020000190                _impure_data
 .data._impure_ptr
                0x00000000200001dc        0x4 C:/ST/STM32CubeIDE_1.14.0/STM32CubeIDE/plugins/com.st.stm32cube.ide.mcu.externaltools.gnu-tools-for-stm32.11.3.rel1.win32_1.1.100.202309141235/tools/bin/../lib/gcc/arm-none-eabi/11.3.1/../../../../arm-none-eabi/lib/thumb/v7-m/nofp\libc_nano.a(libc_a-impure.o)
                0x00000000200001dc                _impure_ptr
 *(.RamFunc)
 *(.RamFunc*)
                0x00000000200001e0                . = ALIGN (0x4)
                0x00000000200001e0                _edata = .

.igot.plt       0x00000000200001e0        0x0 load address 0x000000000800dda8
 .igot.plt      0x00000000200001e0        0x0 C:/ST/STM32CubeIDE_1.14.0/STM32CubeIDE/plugins/com.st.stm32cube.ide.mcu.externaltools.gnu-tools-for-stm32.11.3.rel1.win32_1.1.100.202309141235/tools/bin/../lib/gcc/arm-none-eabi/11.3.1/thumb/v7-m/nofp/crtbegin.o
                0x00000000200001e0                . = ALIGN (0x4)

.bss            0x00000000200001e0     0x15f8 load address 0x000000000800dda8
                0x00000000200001e0                _sbss = .
                0x00000000200001e0                __bss_start__ = _sbss
 *(.bss)
 .bss           0x00000000200001e0       0x1c C:/ST/STM32CubeIDE_1.14.0/STM32CubeIDE/plugins/com.st.stm32cube.ide.mcu.externaltools.gnu-tools-for-stm32.11.3.rel1.win32_1.1.100.202309141235/tools/bin/../lib/gcc/arm-none-eabi/11.3.1/thumb/v7-m/nofp/crtbegin.o
 *(.bss*)
 .bss._ds1307_ui2c
                0x00000000200001fc        0x4 ./Core/Src/ds1307_for_stm32_hal.o
                0x00000000200001fc                _ds1307_ui2c
 .bss.hadc1     0x0000000020000200       0x30 ./Core/Src/main.o
                0x0000000020000200                hadc1
 .bss.hcan      0x0000000020000230       0x28 ./Core/Src/main.o
                0x0000000020000230                hcan
 .bss.hi2c1     0x0000000020000258       0x54 ./Core/Src/main.o
                0x0000000020000258                hi2c1
 .bss.hrtc      0x00000000200002ac       0x14 ./Core/Src/main.o
                0x00000000200002ac                hrtc
 .bss.hspi1     0x00000000200002c0       0x58 ./Core/Src/main.o
                0x00000000200002c0                hspi1
 .bss.htim1     0x0000000020000318       0x48 ./Core/Src/main.o
                0x0000000020000318                htim1
 .bss.htim2     0x0000000020000360       0x48 ./Core/Src/main.o
                0x0000000020000360                htim2
 .bss.huart1    0x00000000200003a8       0x48 ./Core/Src/main.o
                0x00000000200003a8                huart1
 .bss.huart2    0x00000000200003f0       0x48 ./Core/Src/main.o
                0x00000000200003f0                huart2
 .bss.Config    0x0000000020000438       0x11 ./Core/Src/main.o
                0x0000000020000438                Config
 *fill*         0x0000000020000449        0x3 
 .bss.MSG       0x000000002000044c       0x64 ./Core/Src/main.o
                0x000000002000044c                MSG
 .bss.__sbrk_heap_end
                0x00000000200004b0        0x4 ./Core/Src/sysmem.o
 .bss.uwTick    0x00000000200004b4        0x4 ./Drivers/STM32F1xx_HAL_Driver/Src/stm32f1xx_hal.o
                0x00000000200004b4                uwTick
 .bss.retUSER   0x00000000200004b8        0x1 ./FATFS/App/fatfs.o
                0x00000000200004b8                retUSER
 *fill*         0x00000000200004b9        0x3 
 .bss.USERPath  0x00000000200004bc        0x4 ./FATFS/App/fatfs.o
                0x00000000200004bc                USERPath
 .bss.Timer1    0x00000000200004c0        0x2 ./FATFS/Target/FATFS_SD.o
                0x00000000200004c0                Timer1
 .bss.Timer2    0x00000000200004c2        0x2 ./FATFS/Target/FATFS_SD.o
                0x00000000200004c2                Timer2
 .bss.CardType  0x00000000200004c4        0x1 ./FATFS/Target/FATFS_SD.o
 .bss.PowerFlag
                0x00000000200004c5        0x1 ./FATFS/Target/FATFS_SD.o
 .bss.cfgidx.0  0x00000000200004c6        0x1 ./Middlewares/ST/STM32_USB_Device_Library/Core/Src/usbd_ctlreq.o
 *fill*         0x00000000200004c7        0x1 
 .bss.disk      0x00000000200004c8        0xc ./Middlewares/Third_Party/FatFs/src/ff_gen_drv.o
                0x00000000200004c8                disk
 .bss.hUsbDeviceFS
                0x00000000200004d4      0x2c4 ./USB_DEVICE/App/usb_device.o
                0x00000000200004d4                hUsbDeviceFS
 .bss.UserRxBufferFS
                0x0000000020000798      0x400 ./USB_DEVICE/App/usbd_cdc_if.o
                0x0000000020000798                UserRxBufferFS
 .bss.UserTxBufferFS
                0x0000000020000b98      0x400 ./USB_DEVICE/App/usbd_cdc_if.o
                0x0000000020000b98                UserTxBufferFS
 .bss.USBD_StrDesc
                0x0000000020000f98      0x200 ./USB_DEVICE/App/usbd_desc.o
                0x0000000020000f98                USBD_StrDesc
 .bss.hpcd_USB_FS
                0x0000000020001198      0x2d8 ./USB_DEVICE/Target/usbd_conf.o
                0x0000000020001198                hpcd_USB_FS
 .bss.mem.0     0x0000000020001470      0x220 ./USB_DEVICE/Target/usbd_conf.o
 .bss.__sf      0x0000000020001690      0x138 C:/ST/STM32CubeIDE_1.14.0/STM32CubeIDE/plugins/com.st.stm32cube.ide.mcu.externaltools.gnu-tools-for-stm32.11.3.rel1.win32_1.1.100.202309141235/tools/bin/../lib/gcc/arm-none-eabi/11.3.1/../../../../arm-none-eabi/lib/thumb/v7-m/nofp\libc_nano.a(libc_a-findfp.o)
                0x0000000020001690                __sf
 .bss.errno     0x00000000200017c8        0x4 C:/ST/STM32CubeIDE_1.14.0/STM32CubeIDE/plugins/com.st.stm32cube.ide.mcu.externaltools.gnu-tools-for-stm32.11.3.rel1.win32_1.1.100.202309141235/tools/bin/../lib/gcc/arm-none-eabi/11.3.1/../../../../arm-none-eabi/lib/thumb/v7-m/nofp\libc_nano.a(libc_a-reent.o)
                0x00000000200017c8                errno
 .bss.__lock___malloc_recursive_mutex
                0x00000000200017cc        0x1 C:/ST/STM32CubeIDE_1.14.0/STM32CubeIDE/plugins/com.st.stm32cube.ide.mcu.externaltools.gnu-tools-for-stm32.11.3.rel1.win32_1.1.100.202309141235/tools/bin/../lib/gcc/arm-none-eabi/11.3.1/../../../../arm-none-eabi/lib/thumb/v7-m/nofp\libc_nano.a(libc_a-lock.o)
                0x00000000200017cc                __lock___malloc_recursive_mutex
 *fill*         0x00000000200017cd        0x3 
 .bss.__malloc_free_list
                0x00000000200017d0        0x4 C:/ST/STM32CubeIDE_1.14.0/STM32CubeIDE/plugins/com.st.stm32cube.ide.mcu.externaltools.gnu-tools-for-stm32.11.3.rel1.win32_1.1.100.202309141235/tools/bin/../lib/gcc/arm-none-eabi/11.3.1/../../../../arm-none-eabi/lib/thumb/v7-m/nofp\libc_nano.a(libc_a-mallocr.o)
                0x00000000200017d0                __malloc_free_list
 .bss.__malloc_sbrk_start
                0x00000000200017d4        0x4 C:/ST/STM32CubeIDE_1.14.0/STM32CubeIDE/plugins/com.st.stm32cube.ide.mcu.externaltools.gnu-tools-for-stm32.11.3.rel1.win32_1.1.100.202309141235/tools/bin/../lib/gcc/arm-none-eabi/11.3.1/../../../../arm-none-eabi/lib/thumb/v7-m/nofp\libc_nano.a(libc_a-mallocr.o)
                0x00000000200017d4                __malloc_sbrk_start
 *(COMMON)
                0x00000000200017d8                . = ALIGN (0x4)
                0x00000000200017d8                _ebss = .
                0x00000000200017d8                __bss_end__ = _ebss

._user_heap_stack
                0x00000000200017d8      0x600 load address 0x000000000800dda8
                0x00000000200017d8                . = ALIGN (0x8)
                [!provide]                        PROVIDE (end = .)
                0x00000000200017d8                PROVIDE (_end = .)
                0x00000000200019d8                . = (. + _Min_Heap_Size)
 *fill*         0x00000000200017d8      0x200 
                0x0000000020001dd8                . = (. + _Min_Stack_Size)
 *fill*         0x00000000200019d8      0x400 
                0x0000000020001dd8                . = ALIGN (0x8)

/DISCARD/
 libc.a(*)
 libm.a(*)
 libgcc.a(*)

.ARM.attributes
                0x0000000000000000       0x29
 *(.ARM.attributes)
 .ARM.attributes
                0x0000000000000000       0x1d C:/ST/STM32CubeIDE_1.14.0/STM32CubeIDE/plugins/com.st.stm32cube.ide.mcu.externaltools.gnu-tools-for-stm32.11.3.rel1.win32_1.1.100.202309141235/tools/bin/../lib/gcc/arm-none-eabi/11.3.1/thumb/v7-m/nofp/crti.o
 .ARM.attributes
                0x000000000000001d       0x2d C:/ST/STM32CubeIDE_1.14.0/STM32CubeIDE/plugins/com.st.stm32cube.ide.mcu.externaltools.gnu-tools-for-stm32.11.3.rel1.win32_1.1.100.202309141235/tools/bin/../lib/gcc/arm-none-eabi/11.3.1/thumb/v7-m/nofp/crtbegin.o
 .ARM.attributes
                0x000000000000004a       0x2d ./Core/Src/ds1307_for_stm32_hal.o
 .ARM.attributes
                0x0000000000000077       0x2d ./Core/Src/main.o
 .ARM.attributes
                0x00000000000000a4       0x2d ./Core/Src/stm32f1xx_hal_msp.o
 .ARM.attributes
                0x00000000000000d1       0x2d ./Core/Src/stm32f1xx_it.o
 .ARM.attributes
                0x00000000000000fe       0x2d ./Core/Src/sysmem.o
 .ARM.attributes
                0x000000000000012b       0x2d ./Core/Src/system_stm32f1xx.o
 .ARM.attributes
                0x0000000000000158       0x21 ./Core/Startup/startup_stm32f103c8tx.o
 .ARM.attributes
                0x0000000000000179       0x2d ./Drivers/STM32F1xx_HAL_Driver/Src/stm32f1xx_hal.o
 .ARM.attributes
                0x00000000000001a6       0x2d ./Drivers/STM32F1xx_HAL_Driver/Src/stm32f1xx_hal_adc.o
 .ARM.attributes
                0x00000000000001d3       0x2d ./Drivers/STM32F1xx_HAL_Driver/Src/stm32f1xx_hal_can.o
 .ARM.attributes
                0x0000000000000200       0x2d ./Drivers/STM32F1xx_HAL_Driver/Src/stm32f1xx_hal_cortex.o
 .ARM.attributes
                0x000000000000022d       0x2d ./Drivers/STM32F1xx_HAL_Driver/Src/stm32f1xx_hal_gpio.o
 .ARM.attributes
                0x000000000000025a       0x2d ./Drivers/STM32F1xx_HAL_Driver/Src/stm32f1xx_hal_i2c.o
 .ARM.attributes
                0x0000000000000287       0x2d ./Drivers/STM32F1xx_HAL_Driver/Src/stm32f1xx_hal_pcd.o
 .ARM.attributes
                0x00000000000002b4       0x2d ./Drivers/STM32F1xx_HAL_Driver/Src/stm32f1xx_hal_pcd_ex.o
 .ARM.attributes
                0x00000000000002e1       0x2d ./Drivers/STM32F1xx_HAL_Driver/Src/stm32f1xx_hal_pwr.o
 .ARM.attributes
                0x000000000000030e       0x2d ./Drivers/STM32F1xx_HAL_Driver/Src/stm32f1xx_hal_rcc.o
 .ARM.attributes
                0x000000000000033b       0x2d ./Drivers/STM32F1xx_HAL_Driver/Src/stm32f1xx_hal_rcc_ex.o
 .ARM.attributes
                0x0000000000000368       0x2d ./Drivers/STM32F1xx_HAL_Driver/Src/stm32f1xx_hal_rtc.o
 .ARM.attributes
                0x0000000000000395       0x2d ./Drivers/STM32F1xx_HAL_Driver/Src/stm32f1xx_hal_spi.o
 .ARM.attributes
                0x00000000000003c2       0x2d ./Drivers/STM32F1xx_HAL_Driver/Src/stm32f1xx_hal_tim.o
 .ARM.attributes
                0x00000000000003ef       0x2d ./Drivers/STM32F1xx_HAL_Driver/Src/stm32f1xx_hal_tim_ex.o
 .ARM.attributes
                0x000000000000041c       0x2d ./Drivers/STM32F1xx_HAL_Driver/Src/stm32f1xx_hal_uart.o
 .ARM.attributes
                0x0000000000000449       0x2d ./Drivers/STM32F1xx_HAL_Driver/Src/stm32f1xx_ll_usb.o
 .ARM.attributes
                0x0000000000000476       0x2d ./FATFS/App/fatfs.o
 .ARM.attributes
                0x00000000000004a3       0x2d ./FATFS/Target/FATFS_SD.o
 .ARM.attributes
                0x00000000000004d0       0x2d ./FATFS/Target/user_diskio.o
 .ARM.attributes
                0x00000000000004fd       0x2d ./Middlewares/ST/STM32_USB_Device_Library/Class/CDC/Src/usbd_cdc.o
 .ARM.attributes
                0x000000000000052a       0x2d ./Middlewares/ST/STM32_USB_Device_Library/Core/Src/usbd_core.o
 .ARM.attributes
                0x0000000000000557       0x2d ./Middlewares/ST/STM32_USB_Device_Library/Core/Src/usbd_ctlreq.o
 .ARM.attributes
                0x0000000000000584       0x2d ./Middlewares/ST/STM32_USB_Device_Library/Core/Src/usbd_ioreq.o
 .ARM.attributes
                0x00000000000005b1       0x2d ./Middlewares/Third_Party/FatFs/src/ff_gen_drv.o
 .ARM.attributes
                0x00000000000005de       0x2d ./USB_DEVICE/App/usb_device.o
 .ARM.attributes
                0x000000000000060b       0x2d ./USB_DEVICE/App/usbd_cdc_if.o
 .ARM.attributes
                0x0000000000000638       0x2d ./USB_DEVICE/App/usbd_desc.o
 .ARM.attributes
                0x0000000000000665       0x2d ./USB_DEVICE/Target/usbd_conf.o
 .ARM.attributes
                0x0000000000000692       0x2d C:/ST/STM32CubeIDE_1.14.0/STM32CubeIDE/plugins/com.st.stm32cube.ide.mcu.externaltools.gnu-tools-for-stm32.11.3.rel1.win32_1.1.100.202309141235/tools/bin/../lib/gcc/arm-none-eabi/11.3.1/../../../../arm-none-eabi/lib/thumb/v7-m/nofp\libc_nano.a(libc_a-findfp.o)
 .ARM.attributes
                0x00000000000006bf       0x2d C:/ST/STM32CubeIDE_1.14.0/STM32CubeIDE/plugins/com.st.stm32cube.ide.mcu.externaltools.gnu-tools-for-stm32.11.3.rel1.win32_1.1.100.202309141235/tools/bin/../lib/gcc/arm-none-eabi/11.3.1/../../../../arm-none-eabi/lib/thumb/v7-m/nofp\libc_nano.a(libc_a-sprintf.o)
 .ARM.attributes
                0x00000000000006ec       0x2d C:/ST/STM32CubeIDE_1.14.0/STM32CubeIDE/plugins/com.st.stm32cube.ide.mcu.externaltools.gnu-tools-for-stm32.11.3.rel1.win32_1.1.100.202309141235/tools/bin/../lib/gcc/arm-none-eabi/11.3.1/../../../../arm-none-eabi/lib/thumb/v7-m/nofp\libc_nano.a(libc_a-memset.o)
 .ARM.attributes
                0x0000000000000719       0x2d C:/ST/STM32CubeIDE_1.14.0/STM32CubeIDE/plugins/com.st.stm32cube.ide.mcu.externaltools.gnu-tools-for-stm32.11.3.rel1.win32_1.1.100.202309141235/tools/bin/../lib/gcc/arm-none-eabi/11.3.1/../../../../arm-none-eabi/lib/thumb/v7-m/nofp\libc_nano.a(libc_a-reent.o)
 .ARM.attributes
                0x0000000000000746       0x2d C:/ST/STM32CubeIDE_1.14.0/STM32CubeIDE/plugins/com.st.stm32cube.ide.mcu.externaltools.gnu-tools-for-stm32.11.3.rel1.win32_1.1.100.202309141235/tools/bin/../lib/gcc/arm-none-eabi/11.3.1/../../../../arm-none-eabi/lib/thumb/v7-m/nofp\libc_nano.a(libc_a-impure.o)
 .ARM.attributes
                0x0000000000000773       0x2d C:/ST/STM32CubeIDE_1.14.0/STM32CubeIDE/plugins/com.st.stm32cube.ide.mcu.externaltools.gnu-tools-for-stm32.11.3.rel1.win32_1.1.100.202309141235/tools/bin/../lib/gcc/arm-none-eabi/11.3.1/../../../../arm-none-eabi/lib/thumb/v7-m/nofp\libc_nano.a(libc_a-errno.o)
 .ARM.attributes
                0x00000000000007a0       0x2d C:/ST/STM32CubeIDE_1.14.0/STM32CubeIDE/plugins/com.st.stm32cube.ide.mcu.externaltools.gnu-tools-for-stm32.11.3.rel1.win32_1.1.100.202309141235/tools/bin/../lib/gcc/arm-none-eabi/11.3.1/../../../../arm-none-eabi/lib/thumb/v7-m/nofp\libc_nano.a(libc_a-init.o)
 .ARM.attributes
                0x00000000000007cd       0x2d C:/ST/STM32CubeIDE_1.14.0/STM32CubeIDE/plugins/com.st.stm32cube.ide.mcu.externaltools.gnu-tools-for-stm32.11.3.rel1.win32_1.1.100.202309141235/tools/bin/../lib/gcc/arm-none-eabi/11.3.1/../../../../arm-none-eabi/lib/thumb/v7-m/nofp\libc_nano.a(libc_a-lock.o)
 .ARM.attributes
                0x00000000000007fa       0x17 C:/ST/STM32CubeIDE_1.14.0/STM32CubeIDE/plugins/com.st.stm32cube.ide.mcu.externaltools.gnu-tools-for-stm32.11.3.rel1.win32_1.1.100.202309141235/tools/bin/../lib/gcc/arm-none-eabi/11.3.1/../../../../arm-none-eabi/lib/thumb/v7-m/nofp\libc_nano.a(libc_a-strlen.o)
 .ARM.attributes
                0x0000000000000811       0x2d C:/ST/STM32CubeIDE_1.14.0/STM32CubeIDE/plugins/com.st.stm32cube.ide.mcu.externaltools.gnu-tools-for-stm32.11.3.rel1.win32_1.1.100.202309141235/tools/bin/../lib/gcc/arm-none-eabi/11.3.1/../../../../arm-none-eabi/lib/thumb/v7-m/nofp\libc_nano.a(libc_a-freer.o)
 .ARM.attributes
                0x000000000000083e       0x2d C:/ST/STM32CubeIDE_1.14.0/STM32CubeIDE/plugins/com.st.stm32cube.ide.mcu.externaltools.gnu-tools-for-stm32.11.3.rel1.win32_1.1.100.202309141235/tools/bin/../lib/gcc/arm-none-eabi/11.3.1/../../../../arm-none-eabi/lib/thumb/v7-m/nofp\libc_nano.a(libc_a-mallocr.o)
 .ARM.attributes