../Core/Src/tm1637.c:25:9:getSegmentmap	16	static
../Core/Src/tm1637.c:29:6:TM1637_ClkHigh	8	static
../Core/Src/tm1637.c:34:6:TM1637_ClkLow	8	static
../Core/Src/tm1637.c:39:6:TM1637_DataHigh	8	static
../Core/Src/tm1637.c:44:6:TM1637_DataLow	8	static
../Core/Src/tm1637.c:49:6:TM1637_Demo	16	static
../Core/Src/tm1637.c:62:6:TM1637_Init	40	static
../Core/Src/tm1637.c:94:6:TM1637_DisplayDecimal	32	static
../Core/Src/tm1637.c:124:6:TM1637_DisplayDecimal_mci	32	static
../Core/Src/tm1637.c:160:6:TM1637_displayFixaddress	16	static
../Core/Src/tm1637.c:173:6:TM1637_ClearDisplay	16	static
../Core/Src/tm1637.c:189:6:TM1637_displayDecimal_zero_lead	40	static
../Core/Src/tm1637.c:228:6:TM1637_displaySet4	24	static
../Core/Src/tm1637.c:245:6:TM1637_displayDecimal_only	32	static
../Core/Src/tm1637.c:269:6:Cock_12_pin	32	static
../Core/Src/tm1637.c:297:6:Cock_14_pin	32	static
../Core/Src/tm1637.c:330:6:TM1637_SetBrightness	16	static
../Core/Src/tm1637.c:343:6:TM1637_Start	8	static
../Core/Src/tm1637.c:351:6:TM1637_Stop	8	static
../Core/Src/tm1637.c:362:6:TM1637_ReadResult	8	static
../Core/Src/tm1637.c:372:6:TM1637_WriteByte	24	static
../Core/Src/tm1637.c:392:6:TM1637_DelayUsec	24	static,ignoring_inline_asm
../Core/Src/tm1637.c:402:9:char2segments	16	static
